../Core/Src/main.c:83:6:HAL_UARTEx_RxEventCallback	16	static
../Core/Src/main.c:88:6:HAL_UART_TxCpltCallback	16	static
../Core/Src/main.c:93:6:LLSerialTrDataFunctionC	16	static
../Core/Src/main.c:98:6:LLSerialRecDataFunctionC	16	static
../Core/Src/main.c:103:6:DltInjectDataRcvd	40	static
../Core/Src/main.c:108:6:HAL_GPIO_EXTI_Callback	16	static
../Core/Src/main.c:126:5:main	8	static
../Core/Src/main.c:205:6:SystemClock_Config	88	static
../Core/Src/main.c:252:13:MX_ADC1_Init	24	static
../Core/Src/main.c:303:13:MX_I2C1_Init	8	static
../Core/Src/main.c:336:13:MX_RTC_Init	8	static
../Core/Src/main.c:370:13:MX_USART3_UART_Init	8	static
../Core/Src/main.c:400:13:MX_DMA_Init	16	static
../Core/Src/main.c:420:13:MX_GPIO_Init	48	static
../Core/Src/main.c:461:6:Error_Handler	4	static,ignoring_inline_asm
