Archive member included to satisfy reference by file (symbol)

/home/oktawiankomornicki/st/stm32cubeide_1.13.2_2/plugins/com.st.stm32cube.ide.mcu.externaltools.gnu-tools-for-stm32.12.3.rel1.linux64_1.0.100.202403111256/tools/bin/../lib/gcc/arm-none-eabi/12.3.1/../../../../arm-none-eabi/lib/thumb/v7e-m+fp/hard/libm.a(libm_a-sf_round.o)
                              ./Core/Src/VoltageMonitor.o (roundf)
/home/oktawiankomornicki/st/stm32cubeide_1.13.2_2/plugins/com.st.stm32cube.ide.mcu.externaltools.gnu-tools-for-stm32.12.3.rel1.linux64_1.0.100.202403111256/tools/bin/../lib/gcc/arm-none-eabi/12.3.1/../../../../arm-none-eabi/lib/thumb/v7e-m+fp/hard/libc_nano.a(libc_a-exit.o)
                              /home/oktawiankomornicki/st/stm32cubeide_1.13.2_2/plugins/com.st.stm32cube.ide.mcu.externaltools.gnu-tools-for-stm32.12.3.rel1.linux64_1.0.100.202403111256/tools/bin/../lib/gcc/arm-none-eabi/12.3.1/../../../../arm-none-eabi/lib/thumb/v7e-m+fp/hard/crt0.o (exit)
/home/oktawiankomornicki/st/stm32cubeide_1.13.2_2/plugins/com.st.stm32cube.ide.mcu.externaltools.gnu-tools-for-stm32.12.3.rel1.linux64_1.0.100.202403111256/tools/bin/../lib/gcc/arm-none-eabi/12.3.1/../../../../arm-none-eabi/lib/thumb/v7e-m+fp/hard/libc_nano.a(libc_a-efgcvt.o)
                              ./Core/Src/VoltageMonitor.o (gcvt)
/home/oktawiankomornicki/st/stm32cubeide_1.13.2_2/plugins/com.st.stm32cube.ide.mcu.externaltools.gnu-tools-for-stm32.12.3.rel1.linux64_1.0.100.202403111256/tools/bin/../lib/gcc/arm-none-eabi/12.3.1/../../../../arm-none-eabi/lib/thumb/v7e-m+fp/hard/libc_nano.a(libc_a-findfp.o)
                              /home/oktawiankomornicki/st/stm32cubeide_1.13.2_2/plugins/com.st.stm32cube.ide.mcu.externaltools.gnu-tools-for-stm32.12.3.rel1.linux64_1.0.100.202403111256/tools/bin/../lib/gcc/arm-none-eabi/12.3.1/../../../../arm-none-eabi/lib/thumb/v7e-m+fp/hard/libc_nano.a(libc_a-exit.o) (__stdio_exit_handler)
/home/oktawiankomornicki/st/stm32cubeide_1.13.2_2/plugins/com.st.stm32cube.ide.mcu.externaltools.gnu-tools-for-stm32.12.3.rel1.linux64_1.0.100.202403111256/tools/bin/../lib/gcc/arm-none-eabi/12.3.1/../../../../arm-none-eabi/lib/thumb/v7e-m+fp/hard/libc_nano.a(libc_a-fwalk.o)
                              /home/oktawiankomornicki/st/stm32cubeide_1.13.2_2/plugins/com.st.stm32cube.ide.mcu.externaltools.gnu-tools-for-stm32.12.3.rel1.linux64_1.0.100.202403111256/tools/bin/../lib/gcc/arm-none-eabi/12.3.1/../../../../arm-none-eabi/lib/thumb/v7e-m+fp/hard/libc_nano.a(libc_a-findfp.o) (_fwalk_sglue)
/home/oktawiankomornicki/st/stm32cubeide_1.13.2_2/plugins/com.st.stm32cube.ide.mcu.externaltools.gnu-tools-for-stm32.12.3.rel1.linux64_1.0.100.202403111256/tools/bin/../lib/gcc/arm-none-eabi/12.3.1/../../../../arm-none-eabi/lib/thumb/v7e-m+fp/hard/libc_nano.a(libc_a-stdio.o)
                              /home/oktawiankomornicki/st/stm32cubeide_1.13.2_2/plugins/com.st.stm32cube.ide.mcu.externaltools.gnu-tools-for-stm32.12.3.rel1.linux64_1.0.100.202403111256/tools/bin/../lib/gcc/arm-none-eabi/12.3.1/../../../../arm-none-eabi/lib/thumb/v7e-m+fp/hard/libc_nano.a(libc_a-findfp.o) (__sread)
/home/oktawiankomornicki/st/stm32cubeide_1.13.2_2/plugins/com.st.stm32cube.ide.mcu.externaltools.gnu-tools-for-stm32.12.3.rel1.linux64_1.0.100.202403111256/tools/bin/../lib/gcc/arm-none-eabi/12.3.1/../../../../arm-none-eabi/lib/thumb/v7e-m+fp/hard/libc_nano.a(libc_a-vsprintf.o)
                              ./Core/Src/DLTuc.o (vsprintf)
/home/oktawiankomornicki/st/stm32cubeide_1.13.2_2/plugins/com.st.stm32cube.ide.mcu.externaltools.gnu-tools-for-stm32.12.3.rel1.linux64_1.0.100.202403111256/tools/bin/../lib/gcc/arm-none-eabi/12.3.1/../../../../arm-none-eabi/lib/thumb/v7e-m+fp/hard/libc_nano.a(libc_a-memset.o)
                              /home/oktawiankomornicki/st/stm32cubeide_1.13.2_2/plugins/com.st.stm32cube.ide.mcu.externaltools.gnu-tools-for-stm32.12.3.rel1.linux64_1.0.100.202403111256/tools/bin/../lib/gcc/arm-none-eabi/12.3.1/../../../../arm-none-eabi/lib/thumb/v7e-m+fp/hard/crt0.o (memset)
/home/oktawiankomornicki/st/stm32cubeide_1.13.2_2/plugins/com.st.stm32cube.ide.mcu.externaltools.gnu-tools-for-stm32.12.3.rel1.linux64_1.0.100.202403111256/tools/bin/../lib/gcc/arm-none-eabi/12.3.1/../../../../arm-none-eabi/lib/thumb/v7e-m+fp/hard/libc_nano.a(libc_a-closer.o)
                              /home/oktawiankomornicki/st/stm32cubeide_1.13.2_2/plugins/com.st.stm32cube.ide.mcu.externaltools.gnu-tools-for-stm32.12.3.rel1.linux64_1.0.100.202403111256/tools/bin/../lib/gcc/arm-none-eabi/12.3.1/../../../../arm-none-eabi/lib/thumb/v7e-m+fp/hard/libc_nano.a(libc_a-stdio.o) (_close_r)
/home/oktawiankomornicki/st/stm32cubeide_1.13.2_2/plugins/com.st.stm32cube.ide.mcu.externaltools.gnu-tools-for-stm32.12.3.rel1.linux64_1.0.100.202403111256/tools/bin/../lib/gcc/arm-none-eabi/12.3.1/../../../../arm-none-eabi/lib/thumb/v7e-m+fp/hard/libc_nano.a(libc_a-reent.o)
[...]
Memory Configuration

Name             Origin             Length             Attributes
CCMRAM           0x10000000         0x00010000         xrw
RAM              0x20000000         0x00020000         xrw
FLASH            0x08000000         0x00100000         xr
*default*        0x00000000         0xffffffff

Linker script and memory map

LOAD /home/oktawiankomornicki/st/stm32cubeide_1.13.2_2/plugins/com.st.stm32cube.ide.mcu.externaltools.gnu-tools-for-stm32.12.3.rel1.linux64_1.0.100.202403111256/tools/bin/../lib/gcc/arm-none-eabi/12.3.1/thumb/v7e-m+fp/hard/crti.o
LOAD /home/oktawiankomornicki/st/stm32cubeide_1.13.2_2/plugins/com.st.stm32cube.ide.mcu.externaltools.gnu-tools-for-stm32.12.3.rel1.linux64_1.0.100.202403111256/tools/bin/../lib/gcc/arm-none-eabi/12.3.1/thumb/v7e-m+fp/hard/crtbegin.o
LOAD /home/oktawiankomornicki/st/stm32cubeide_1.13.2_2/plugins/com.st.stm32cube.ide.mcu.externaltools.gnu-tools-for-stm32.12.3.rel1.linux64_1.0.100.202403111256/tools/bin/../lib/gcc/arm-none-eabi/12.3.1/../../../../arm-none-eabi/lib/thumb/v7e-m+fp/hard/crt0.o
LOAD ./Core/Src/DLTuc.o
LOAD ./Core/Src/Dem.o
LOAD ./Core/Src/DtcRequestHandler.o
LOAD ./Core/Src/Events.o
LOAD ./Core/Src/NvM.o
LOAD ./Core/Src/VoltageMonitor.o
LOAD ./Core/Src/main.o
LOAD ./Core/Src/stm32f4xx_hal_msp.o
LOAD ./Core/Src/stm32f4xx_it.o
LOAD ./Core/Src/syscalls.o
LOAD ./Core/Src/sysmem.o
LOAD ./Core/Src/system_stm32f4xx.o
LOAD ./Core/Startup/startup_stm32f407vgtx.o
LOAD ./Drivers/STM32F4xx_HAL_Driver/Src/stm32f4xx_hal.o
LOAD ./Drivers/STM32F4xx_HAL_Driver/Src/stm32f4xx_hal_adc.o
LOAD ./Drivers/STM32F4xx_HAL_Driver/Src/stm32f4xx_hal_adc_ex.o
LOAD ./Drivers/STM32F4xx_HAL_Driver/Src/stm32f4xx_hal_cortex.o
LOAD ./Drivers/STM32F4xx_HAL_Driver/Src/stm32f4xx_hal_dma.o
LOAD ./Drivers/STM32F4xx_HAL_Driver/Src/stm32f4xx_hal_dma_ex.o
LOAD ./Drivers/STM32F4xx_HAL_Driver/Src/stm32f4xx_hal_exti.o
LOAD ./Drivers/STM32F4xx_HAL_Driver/Src/stm32f4xx_hal_flash.o
LOAD ./Drivers/STM32F4xx_HAL_Driver/Src/stm32f4xx_hal_flash_ex.o
LOAD ./Drivers/STM32F4xx_HAL_Driver/Src/stm32f4xx_hal_flash_ramfunc.o
LOAD ./Drivers/STM32F4xx_HAL_Driver/Src/stm32f4xx_hal_gpio.o
LOAD ./Drivers/STM32F4xx_HAL_Driver/Src/stm32f4xx_hal_i2c.o
LOAD ./Drivers/STM32F4xx_HAL_Driver/Src/stm32f4xx_hal_i2c_ex.o
LOAD ./Drivers/STM32F4xx_HAL_Driver/Src/stm32f4xx_hal_pwr.o
LOAD ./Drivers/STM32F4xx_HAL_Driver/Src/stm32f4xx_hal_pwr_ex.o
LOAD ./Drivers/STM32F4xx_HAL_Driver/Src/stm32f4xx_hal_rcc.o
LOAD ./Drivers/STM32F4xx_HAL_Driver/Src/stm32f4xx_hal_rcc_ex.o
LOAD ./Drivers/STM32F4xx_HAL_Driver/Src/stm32f4xx_hal_rtc.o
LOAD ./Drivers/STM32F4xx_HAL_Driver/Src/stm32f4xx_hal_rtc_ex.o
LOAD ./Drivers/STM32F4xx_HAL_Driver/Src/stm32f4xx_hal_tim.o
LOAD ./Drivers/STM32F4xx_HAL_Driver/Src/stm32f4xx_hal_tim_ex.o
LOAD ./Drivers/STM32F4xx_HAL_Driver/Src/stm32f4xx_hal_uart.o
LOAD ./Drivers/STM32F4xx_HAL_Driver/Src/stm32f4xx_ll_adc.o
START GROUP
LOAD /home/oktawiankomornicki/st/stm32cubeide_1.13.2_2/plugins/com.st.stm32cube.ide.mcu.externaltools.gnu-tools-for-stm32.12.3.rel1.linux64_1.0.100.202403111256/tools/bin/../lib/gcc/arm-none-eabi/12.3.1/../../../../arm-none-eabi/lib/thumb/v7e-m+fp/hard/libstdc++_nano.a
LOAD /home/oktawiankomornicki/st/stm32cubeide_1.13.2_2/plugins/com.st.stm32cube.ide.mcu.externaltools.gnu-tools-for-stm32.12.3.rel1.linux64_1.0.100.202403111256/tools/bin/../lib/gcc/arm-none-eabi/12.3.1/../../../../arm-none-eabi/lib/thumb/v7e-m+fp/hard/libsupc++_nano.a
END GROUP
LOAD /home/oktawiankomornicki/st/stm32cubeide_1.13.2_2/plugins/com.st.stm32cube.ide.mcu.externaltools.gnu-tools-for-stm32.12.3.rel1.linux64_1.0.100.202403111256/tools/bin/../lib/gcc/arm-none-eabi/12.3.1/../../../../arm-none-eabi/lib/thumb/v7e-m+fp/hard/libstdc++_nano.a
LOAD /home/oktawiankomornicki/st/stm32cubeide_1.13.2_2/plugins/com.st.stm32cube.ide.mcu.externaltools.gnu-tools-for-stm32.12.3.rel1.linux64_1.0.100.202403111256/tools/bin/../lib/gcc/arm-none-eabi/12.3.1/../../../../arm-none-eabi/lib/thumb/v7e-m+fp/hard/libm.a
LOAD /home/oktawiankomornicki/st/stm32cubeide_1.13.2_2/plugins/com.st.stm32cube.ide.mcu.externaltools.gnu-tools-for-stm32.12.3.rel1.linux64_1.0.100.202403111256/tools/bin/../lib/gcc/arm-none-eabi/12.3.1/../../../../arm-none-eabi/lib/thumb/v7e-m+fp/hard/libc_nano.a
START GROUP
LOAD /home/oktawiankomornicki/st/stm32cubeide_1.13.2_2/plugins/com.st.stm32cube.ide.mcu.externaltools.gnu-tools-for-stm32.12.3.rel1.linux64_1.0.100.202403111256/tools/bin/../lib/gcc/arm-none-eabi/12.3.1/thumb/v7e-m+fp/hard/libgcc.a
LOAD /home/oktawiankomornicki/st/stm32cubeide_1.13.2_2/plugins/com.st.stm32cube.ide.mcu.externaltools.gnu-tools-for-stm32.12.3.rel1.linux64_1.0.100.202403111256/tools/bin/../lib/gcc/arm-none-eabi/12.3.1/../../../../arm-none-eabi/lib/thumb/v7e-m+fp/hard/libc_nano.a
END GROUP
START GROUP
LOAD /home/oktawiankomornicki/st/stm32cubeide_1.13.2_2/plugins/com.st.stm32cube.ide.mcu.externaltools.gnu-tools-for-stm32.12.3.rel1.linux64_1.0.100.202403111256/tools/bin/../lib/gcc/arm-none-eabi/12.3.1/thumb/v7e-m+fp/hard/libgcc.a
LOAD /home/oktawiankomornicki/st/stm32cubeide_1.13.2_2/plugins/com.st.stm32cube.ide.mcu.externaltools.gnu-tools-for-stm32.12.3.rel1.linux64_1.0.100.202403111256/tools/bin/../lib/gcc/arm-none-eabi/12.3.1/../../../../arm-none-eabi/lib/thumb/v7e-m+fp/hard/libc_nano.a
LOAD /home/oktawiankomornicki/st/stm32cubeide_1.13.2_2/plugins/com.st.stm32cube.ide.mcu.externaltools.gnu-tools-for-stm32.12.3.rel1.linux64_1.0.100.202403111256/tools/bin/../lib/gcc/arm-none-eabi/12.3.1/../../../../arm-none-eabi/lib/thumb/v7e-m+fp/hard/libnosys.a
END GROUP
START GROUP
LOAD /home/oktawiankomornicki/st/stm32cubeide_1.13.2_2/plugins/com.st.stm32cube.ide.mcu.externaltools.gnu-tools-for-stm32.12.3.rel1.linux64_1.0.100.202403111256/tools/bin/../lib/gcc/arm-none-eabi/12.3.1/thumb/v7e-m+fp/hard/libgcc.a
LOAD /home/oktawiankomornicki/st/stm32cubeide_1.13.2_2/plugins/com.st.stm32cube.ide.mcu.externaltools.gnu-tools-for-stm32.12.3.rel1.linux64_1.0.100.202403111256/tools/bin/../lib/gcc/arm-none-eabi/12.3.1/../../../../arm-none-eabi/lib/thumb/v7e-m+fp/hard/libc_nano.a
LOAD /home/oktawiankomornicki/st/stm32cubeide_1.13.2_2/plugins/com.st.stm32cube.ide.mcu.externaltools.gnu-tools-for-stm32.12.3.rel1.linux64_1.0.100.202403111256/tools/bin/../lib/gcc/arm-none-eabi/12.3.1/../../../../arm-none-eabi/lib/thumb/v7e-m+fp/hard/libnosys.a
END GROUP
LOAD /home/oktawiankomornicki/st/stm32cubeide_1.13.2_2/plugins/com.st.stm32cube.ide.mcu.externaltools.gnu-tools-for-stm32.12.3.rel1.linux64_1.0.100.202403111256/tools/bin/../lib/gcc/arm-none-eabi/12.3.1/thumb/v7e-m+fp/hard/crtend.o
LOAD /home/oktawiankomornicki/st/stm32cubeide_1.13.2_2/plugins/com.st.stm32cube.ide.mcu.externaltools.gnu-tools-for-stm32.12.3.rel1.linux64_1.0.100.202403111256/tools/bin/../lib/gcc/arm-none-eabi/12.3.1/thumb/v7e-m+fp/hard/crtn.o
                0x20020000                        _estack = (ORIGIN (RAM) + LENGTH (RAM))
                0x00000200                        _Min_Heap_Size = 0x200
                0x00000400                        _Min_Stack_Size = 0x400

.isr_vector     0x08000000      0x188
                0x08000000                        . = ALIGN (0x4)
 *(.isr_vector)
 .isr_vector    0x08000000      0x188 ./Core/Startup/startup_stm32f407vgtx.o
                0x08000000                g_pfnVectors
                0x08000188                        . = ALIGN (0x4)

.text           0x08000190     0x9fbc
                0x08000190                        . = ALIGN (0x4)
 *(.text)
 .text          0x08000190       0x40 /home/oktawiankomornicki/st/stm32cubeide_1.13.2_2/plugins/com.st.stm32cube.ide.mcu.externaltools.gnu-tools-for-stm32.12.3.rel1.linux64_1.0.100.202403111256/tools/bin/../lib/gcc/arm-none-eabi/12.3.1/thumb/v7e-m+fp/hard/crtbegin.o
 .text          0x080001d0       0xa0 /home/oktawiankomornicki/st/stm32cubeide_1.13.2_2/plugins/com.st.stm32cube.ide.mcu.externaltools.gnu-tools-for-stm32.12.3.rel1.linux64_1.0.100.202403111256/tools/bin/../lib/gcc/arm-none-eabi/12.3.1/../../../../arm-none-eabi/lib/thumb/v7e-m+fp/hard/libc_nano.a(libc_a-memchr.o)
                0x080001d0                memchr
 .text          0x08000270      0x378 /home/oktawiankomornicki/st/stm32cubeide_1.13.2_2/plugins/com.st.stm32cube.ide.mcu.externaltools.gnu-tools-for-stm32.12.3.rel1.linux64_1.0.100.202403111256/tools/bin/../lib/gcc/arm-none-eabi/12.3.1/thumb/v7e-m+fp/hard/libgcc.a(_arm_addsubdf3.o)
                0x08000270                __aeabi_drsub
                0x08000278                __aeabi_dsub
                0x08000278                __subdf3
                0x0800027c                __adddf3
                0x0800027c                __aeabi_dadd
                0x080004f4                __aeabi_ui2d
                0x080004f4                __floatunsidf
                0x08000514                __floatsidf
                0x08000514                __aeabi_i2d
                0x08000538                __extendsfdf2
                0x08000538                __aeabi_f2d
                0x0800057c                __aeabi_ul2d
                0x0800057c                __floatundidf
                0x0800058c                __floatdidf
                0x0800058c                __aeabi_l2d
 .text          0x080005e8      0x424 /home/oktawiankomornicki/st/stm32cubeide_1.13.2_2/plugins/com.st.stm32cube.ide.mcu.externaltools.gnu-tools-for-stm32.12.3.rel1.linux64_1.0.100.202403111256/tools/bin/../lib/gcc/arm-none-eabi/12.3.1/thumb/v7e-m+fp/hard/libgcc.a(_arm_muldivdf3.o)
                0x080005e8                __aeabi_dmul
                0x080005e8                __muldf3
                0x0800083c                __aeabi_ddiv
                0x0800083c                __divdf3
 .text          0x08000a0c      0x110 /home/oktawiankomornicki/st/stm32cubeide_1.13.2_2/plugins/com.st.stm32cube.ide.mcu.externaltools.gnu-tools-for-stm32.12.3.rel1.linux64_1.0.100.202403111256/tools/bin/../lib/gcc/arm-none-eabi/12.3.1/thumb/v7e-m+fp/hard/libgcc.a(_arm_cmpdf2.o)
                0x08000a0c                __gtdf2
                0x08000a0c                __gedf2
                0x08000a14                __ltdf2
                0x08000a14                __ledf2
                0x08000a1c                __cmpdf2
                0x08000a1c                __eqdf2
                0x08000a1c                __nedf2
                0x08000a98                __aeabi_cdrcmple
                0x08000aa8                __aeabi_cdcmple
                0x08000aa8                __aeabi_cdcmpeq
                0x08000ab8                __aeabi_dcmpeq
                0x08000acc                __aeabi_dcmplt
                0x08000ae0                __aeabi_dcmple
                0x08000af4                __aeabi_dcmpge
                0x08000b08                __aeabi_dcmpgt
 .text          0x08000b1c       0x50 /home/oktawiankomornicki/st/stm32cubeide_1.13.2_2/plugins/com.st.stm32cube.ide.mcu.externaltools.gnu-tools-for-stm32.12.3.rel1.linux64_1.0.100.202403111256/tools/bin/../lib/gcc/arm-none-eabi/12.3.1/thumb/v7e-m+fp/hard/libgcc.a(_arm_fixdfsi.o)
                0x08000b1c                __fixdfsi
                0x08000b1c                __aeabi_d2iz
 .text          0x08000b6c       0x30 /home/oktawiankomornicki/st/stm32cubeide_1.13.2_2/plugins/com.st.stm32cube.ide.mcu.externaltools.gnu-tools-for-stm32.12.3.rel1.linux64_1.0.100.202403111256/tools/bin/../lib/gcc/arm-none-eabi/12.3.1/thumb/v7e-m+fp/hard/libgcc.a(_aeabi_uldivmod.o)
                0x08000b6c                __aeabi_uldivmod
 .text          0x08000b9c      0x2bc /home/oktawiankomornicki/st/stm32cubeide_1.13.2_2/plugins/com.st.stm32cube.ide.mcu.externaltools.gnu-tools-for-stm32.12.3.rel1.linux64_1.0.100.202403111256/tools/bin/../lib/gcc/arm-none-eabi/12.3.1/thumb/v7e-m+fp/hard/libgcc.a(_udivmoddi4.o)
                0x08000b9c                __udivmoddi4
 .text          0x08000e58        0x4 /home/oktawiankomornicki/st/stm32cubeide_1.13.2_2/plugins/com.st.stm32cube.ide.mcu.externaltools.gnu-tools-for-stm32.12.3.rel1.linux64_1.0.100.202403111256/tools/bin/../lib/gcc/arm-none-eabi/12.3.1/thumb/v7e-m+fp/hard/libgcc.a(_dvmd_tls.o)
                0x08000e58                __aeabi_ldiv0
                0x08000e58                __aeabi_idiv0
 *(.text*)
 .text.DLT_RB_Receive_GetNextMessageAddress
                0x08000e5c       0x80 ./Core/Src/DLTuc.o
 .text.DLT_RB_Receive_Read
                0x08000edc       0x90 ./Core/Src/DLTuc.o
 .text.DLT_RB_TransmitRead
                0x08000f6c       0x78 ./Core/Src/DLTuc.o
 .text.DLT_RB_TransmitWrite
                0x08000fe4       0x9c ./Core/Src/DLTuc.o
 .text.PrepareHoleHeader
                0x08001080      0x154 ./Core/Src/DLTuc.o
 .text.DLTuc_RawDataReceiveDone
                0x080011d4      0x280 ./Core/Src/DLTuc.o
                0x080011d4                DLTuc_RawDataReceiveDone
 .text.DLTuc_RegisterInjectionDataReceivedCb
                0x08001454       0x20 ./Core/Src/DLTuc.o
                0x08001454                DLTuc_RegisterInjectionDataReceivedCb
 .text.DLTuc_RegisterReceiveSerialDataFunction
                0x08001474       0x30 ./Core/Src/DLTuc.o
                0x08001474                DLTuc_RegisterReceiveSerialDataFunction
 .text.DLTuc_RegisterTransmitSerialDataFunction
                0x080014a4       0x88 ./Core/Src/DLTuc.o
                0x080014a4                DLTuc_RegisterTransmitSerialDataFunction
 .text.DLTuc_MessageTransmitDone
                0x0800152c       0xb4 ./Core/Src/DLTuc.o
                0x0800152c                DLTuc_MessageTransmitDone
 .text.DLTuc_LogOutVarArgs
                0x080015e0       0xdc ./Core/Src/DLTuc.o
                0x080015e0                DLTuc_LogOutVarArgs
 .text.DLTuc_RegisterGetTimeStampMsCallback
                0x080016bc       0x20 ./Core/Src/DLTuc.o
                0x080016bc                DLTuc_RegisterGetTimeStampMsCallback
 .text.Dem_SetEventStatus
                0x080016dc      0x288 ./Core/Src/Dem.o
                0x080016dc                Dem_SetEventStatus
 .text.Dem_GetStatusOfDTC
                0x08001964      0x21c ./Core/Src/Dem.o
                0x08001964                Dem_GetStatusOfDTC
 .text.Dem_ClearDTC
                0x08001b80      0x1a4 ./Core/Src/Dem.o
                0x08001b80                Dem_ClearDTC
 .text.ClearAllDtc
                0x08001d24       0xa4 ./Core/Src/DtcRequestHandler.o
                0x08001d24                ClearAllDtc
 .text.ReadAllDtc
                0x08001dc8       0xb4 ./Core/Src/DtcRequestHandler.o
                0x08001dc8                ReadAllDtc
 .text.NvM_ReadBlock
                0x08001e7c      0x100 ./Core/Src/NvM.o
                0x08001e7c                NvM_ReadBlock
 .text.NvM_WriteBlock
                0x08001f7c      0x10c ./Core/Src/NvM.o
                0x08001f7c                NvM_WriteBlock
 .text.CheckVoltage
                0x08002088      0x318 ./Core/Src/VoltageMonitor.o
                0x08002088                CheckVoltage
 .text.HAL_UARTEx_RxEventCallback
                0x080023a0       0x1c ./Core/Src/main.o
                0x080023a0                HAL_UARTEx_RxEventCallback
 .text.HAL_UART_TxCpltCallback
                0x080023bc       0x14 ./Core/Src/main.o
                0x080023bc                HAL_UART_TxCpltCallback
 .text.LLSerialTrDataFunctionC
                0x080023d0       0x28 ./Core/Src/main.o
                0x080023d0                LLSerialTrDataFunctionC
 .text.LLSerialRecDataFunctionC
                0x080023f8       0x24 ./Core/Src/main.o
                0x080023f8                LLSerialRecDataFunctionC
 .text.DltInjectDataRcvd
                0x0800241c       0x58 ./Core/Src/main.o
                0x0800241c                DltInjectDataRcvd
 .text.HAL_GPIO_EXTI_Callback
                0x08002474       0x3c ./Core/Src/main.o
                0x08002474                HAL_GPIO_EXTI_Callback
 .text.main     0x080024b0      0x120 ./Core/Src/main.o
                0x080024b0                main
 .text.SystemClock_Config
                0x080025d0       0xd8 ./Core/Src/main.o
                0x080025d0                SystemClock_Config
 .text.MX_ADC1_Init
                0x080026a8       0xa4 ./Core/Src/main.o
 .text.MX_I2C1_Init
                0x0800274c       0x5c ./Core/Src/main.o
 .text.MX_RTC_Init
                0x080027a8       0x4c ./Core/Src/main.o
 .text.MX_USART3_UART_Init
                0x080027f4       0x54 ./Core/Src/main.o
 .text.MX_DMA_Init
                0x08002848       0x50 ./Core/Src/main.o
 .text.MX_GPIO_Init
                0x08002898      0x100 ./Core/Src/main.o
 .text.Error_Handler
                0x08002998        0xc ./Core/Src/main.o
                0x08002998                Error_Handler
 .text.HAL_MspInit
                0x080029a4       0x50 ./Core/Src/stm32f4xx_hal_msp.o
                0x080029a4                HAL_MspInit
 .text.HAL_ADC_MspInit
                0x080029f4       0x88 ./Core/Src/stm32f4xx_hal_msp.o
                0x080029f4                HAL_ADC_MspInit
 .text.HAL_I2C_MspInit
                0x08002a7c       0x90 ./Core/Src/stm32f4xx_hal_msp.o
                0x08002a7c                HAL_I2C_MspInit
 .text.HAL_RTC_MspInit
                0x08002b0c       0x54 ./Core/Src/stm32f4xx_hal_msp.o
                0x08002b0c                HAL_RTC_MspInit
 .text.HAL_UART_MspInit
                0x08002b60      0x16c ./Core/Src/stm32f4xx_hal_msp.o
                0x08002b60                HAL_UART_MspInit
 .text.NMI_Handler
                0x08002ccc        0x8 ./Core/Src/stm32f4xx_it.o
                0x08002ccc                NMI_Handler
 .text.HardFault_Handler
                0x08002cd4        0x8 ./Core/Src/stm32f4xx_it.o
                0x08002cd4                HardFault_Handler
 .text.MemManage_Handler
                0x08002cdc        0x8 ./Core/Src/stm32f4xx_it.o
                0x08002cdc                MemManage_Handler
 .text.BusFault_Handler
                0x08002ce4        0x8 ./Core/Src/stm32f4xx_it.o
                0x08002ce4                BusFault_Handler
 .text.UsageFault_Handler
                0x08002cec        0x8 ./Core/Src/stm32f4xx_it.o
                0x08002cec                UsageFault_Handler
 .text.SVC_Handler
                0x08002cf4        0xe ./Core/Src/stm32f4xx_it.o
                0x08002cf4                SVC_Handler
 .text.DebugMon_Handler
                0x08002d02        0xe ./Core/Src/stm32f4xx_it.o
                0x08002d02                DebugMon_Handler
 .text.PendSV_Handler
                0x08002d10        0xe ./Core/Src/stm32f4xx_it.o
                0x08002d10                PendSV_Handler
 .text.SysTick_Handler
                0x08002d1e        0xc ./Core/Src/stm32f4xx_it.o
                0x08002d1e                SysTick_Handler
 *fill*         0x08002d2a        0x2 
 .text.DMA1_Stream1_IRQHandler
                0x08002d2c       0x14 ./Core/Src/stm32f4xx_it.o
                0x08002d2c                DMA1_Stream1_IRQHandler
 .text.DMA1_Stream3_IRQHandler
                0x08002d40       0x14 ./Core/Src/stm32f4xx_it.o
                0x08002d40                DMA1_Stream3_IRQHandler
 .text.USART3_IRQHandler
                0x08002d54       0x14 ./Core/Src/stm32f4xx_it.o
                0x08002d54                USART3_IRQHandler
 .text.EXTI15_10_IRQHandler
                0x08002d68       0x18 ./Core/Src/stm32f4xx_it.o
                0x08002d68                EXTI15_10_IRQHandler
 .text._getpid  0x08002d80       0x10 ./Core/Src/syscalls.o
                0x08002d80                _getpid
 .text._kill    0x08002d90       0x20 ./Core/Src/syscalls.o
                0x08002d90                _kill
 .text._exit    0x08002db0       0x16 ./Core/Src/syscalls.o
                0x08002db0                _exit
 .text._read    0x08002dc6       0x3a ./Core/Src/syscalls.o
                0x08002dc6                _read
 .text._write   0x08002e00       0x38 ./Core/Src/syscalls.o
                0x08002e00                _write
 .text._close   0x08002e38       0x18 ./Core/Src/syscalls.o
                0x08002e38                _close
 .text._fstat   0x08002e50       0x20 ./Core/Src/syscalls.o
                0x08002e50                _fstat
 .text._isatty  0x08002e70       0x16 ./Core/Src/syscalls.o
                0x08002e70                _isatty
 .text._lseek   0x08002e86       0x1a ./Core/Src/syscalls.o
                0x08002e86                _lseek
 .text._sbrk    0x08002ea0       0x6c ./Core/Src/sysmem.o
                0x08002ea0                _sbrk
 .text.SystemInit
                0x08002f0c       0x24 ./Core/Src/system_stm32f4xx.o
                0x08002f0c                SystemInit
 .text.Reset_Handler
                0x08002f30       0x50 ./Core/Startup/startup_stm32f407vgtx.o
                0x08002f30                Reset_Handler
 .text.Default_Handler
                0x08002f80        0x2 ./Core/Startup/startup_stm32f407vgtx.o
                0x08002f80                RTC_Alarm_IRQHandler
                0x08002f80                HASH_RNG_IRQHandler
                0x08002f80                EXTI2_IRQHandler
                0x08002f80                TIM8_CC_IRQHandler
                0x08002f80                TIM1_CC_IRQHandler
                0x08002f80                DMA2_Stream5_IRQHandler
                0x08002f80                DMA1_Stream5_IRQHandler
                0x08002f80                PVD_IRQHandler
                0x08002f80                SDIO_IRQHandler
                0x08002f80                TAMP_STAMP_IRQHandler
                0x08002f80                CAN2_RX1_IRQHandler
                0x08002f80                EXTI3_IRQHandler
                0x08002f80                TIM8_TRG_COM_TIM14_IRQHandler
                0x08002f80                TIM1_UP_TIM10_IRQHandler
                0x08002f80                TIM8_UP_TIM13_IRQHandler
                0x08002f80                I2C3_ER_IRQHandler
                0x08002f80                EXTI0_IRQHandler
                0x08002f80                I2C2_EV_IRQHandler
                0x08002f80                DMA1_Stream2_IRQHandler
                0x08002f80                CAN1_RX0_IRQHandler
                0x08002f80                FPU_IRQHandler
                0x08002f80                OTG_HS_WKUP_IRQHandler
                0x08002f80                CAN2_SCE_IRQHandler
                0x08002f80                DMA2_Stream2_IRQHandler
                0x08002f80                SPI1_IRQHandler
                0x08002f80                TIM6_DAC_IRQHandler
                0x08002f80                TIM1_BRK_TIM9_IRQHandler
                0x08002f80                DCMI_IRQHandler
                0x08002f80                CAN2_RX0_IRQHandler
                0x08002f80                DMA2_Stream3_IRQHandler
                0x08002f80                USART6_IRQHandler
                0x08002f80                CAN1_RX1_IRQHandler
                0x08002f80                UART5_IRQHandler
                0x08002f80                DMA2_Stream0_IRQHandler
                0x08002f80                TIM4_IRQHandler
                0x08002f80                I2C1_EV_IRQHandler
                0x08002f80                DMA1_Stream6_IRQHandler
                0x08002f80                UART4_IRQHandler
                0x08002f80                TIM3_IRQHandler
                0x08002f80                RCC_IRQHandler
                0x08002f80                TIM8_BRK_TIM12_IRQHandler
                0x08002f80                Default_Handler
                0x08002f80                ADC_IRQHandler
                0x08002f80                DMA1_Stream7_IRQHandler
                0x08002f80                TIM7_IRQHandler
                0x08002f80                CAN2_TX_IRQHandler
                0x08002f80                TIM5_IRQHandler
                0x08002f80                DMA2_Stream7_IRQHandler
                0x08002f80                I2C3_EV_IRQHandler
                0x08002f80                EXTI9_5_IRQHandler
                0x08002f80                RTC_WKUP_IRQHandler
                0x08002f80                ETH_WKUP_IRQHandler
                0x08002f80                SPI2_IRQHandler
                0x08002f80                OTG_HS_EP1_IN_IRQHandler
                0x08002f80                DMA1_Stream0_IRQHandler
                0x08002f80                CAN1_TX_IRQHandler
                0x08002f80                EXTI4_IRQHandler
                0x08002f80                FSMC_IRQHandler
                0x08002f80                ETH_IRQHandler
                0x08002f80                OTG_HS_EP1_OUT_IRQHandler
                0x08002f80                WWDG_IRQHandler
                0x08002f80                TIM2_IRQHandler
                0x08002f80                OTG_FS_WKUP_IRQHandler
                0x08002f80                TIM1_TRG_COM_TIM11_IRQHandler
                0x08002f80                OTG_HS_IRQHandler
                0x08002f80                EXTI1_IRQHandler
                0x08002f80                USART2_IRQHandler
                0x08002f80                I2C2_ER_IRQHandler
                0x08002f80                DMA2_Stream1_IRQHandler
                0x08002f80                CAN1_SCE_IRQHandler
                0x08002f80                FLASH_IRQHandler
                0x08002f80                DMA2_Stream4_IRQHandler
                0x08002f80                USART1_IRQHandler
                0x08002f80                OTG_FS_IRQHandler
                0x08002f80                SPI3_IRQHandler
                0x08002f80                DMA1_Stream4_IRQHandler
                0x08002f80                I2C1_ER_IRQHandler
                0x08002f80                DMA2_Stream6_IRQHandler
 *fill*         0x08002f82        0x2 
 .text.HAL_Init
                0x08002f84       0x44 ./Drivers/STM32F4xx_HAL_Driver/Src/stm32f4xx_hal.o
                0x08002f84                HAL_Init
 .text.HAL_InitTick
                0x08002fc8       0x60 ./Drivers/STM32F4xx_HAL_Driver/Src/stm32f4xx_hal.o
                0x08002fc8                HAL_InitTick
 .text.HAL_IncTick
                0x08003028       0x28 ./Drivers/STM32F4xx_HAL_Driver/Src/stm32f4xx_hal.o
                0x08003028                HAL_IncTick
 .text.HAL_GetTick
                0x08003050       0x18 ./Drivers/STM32F4xx_HAL_Driver/Src/stm32f4xx_hal.o
                0x08003050                HAL_GetTick
 .text.HAL_Delay
                0x08003068       0x48 ./Drivers/STM32F4xx_HAL_Driver/Src/stm32f4xx_hal.o
                0x08003068                HAL_Delay
 .text.HAL_ADC_Init
                0x080030b0       0x86 ./Drivers/STM32F4xx_HAL_Driver/Src/stm32f4xx_hal_adc.o
                0x080030b0                HAL_ADC_Init
 *fill*         0x08003136        0x2 
 .text.HAL_ADC_Start
                0x08003138      0x1a4 ./Drivers/STM32F4xx_HAL_Driver/Src/stm32f4xx_hal_adc.o
                0x08003138                HAL_ADC_Start
 .text.HAL_ADC_PollForConversion
                0x080032dc      0x116 ./Drivers/STM32F4xx_HAL_Driver/Src/stm32f4xx_hal_adc.o
                0x080032dc                HAL_ADC_PollForConversion
 .text.HAL_ADC_GetValue
                0x080033f2       0x1a ./Drivers/STM32F4xx_HAL_Driver/Src/stm32f4xx_hal_adc.o
                0x080033f2                HAL_ADC_GetValue
 .text.HAL_ADC_ConfigChannel
                0x0800340c      0x244 ./Drivers/STM32F4xx_HAL_Driver/Src/stm32f4xx_hal_adc.o
                0x0800340c                HAL_ADC_ConfigChannel
 .text.ADC_Init
                0x08003650      0x1f8 ./Drivers/STM32F4xx_HAL_Driver/Src/stm32f4xx_hal_adc.o
 .text.__NVIC_SetPriorityGrouping
                0x08003848       0x48 ./Drivers/STM32F4xx_HAL_Driver/Src/stm32f4xx_hal_cortex.o
 .text.__NVIC_GetPriorityGrouping
                0x08003890       0x1c ./Drivers/STM32F4xx_HAL_Driver/Src/stm32f4xx_hal_cortex.o
 .text.__NVIC_EnableIRQ
                0x080038ac       0x3c ./Drivers/STM32F4xx_HAL_Driver/Src/stm32f4xx_hal_cortex.o
 .text.__NVIC_SetPriority
                0x080038e8       0x54 ./Drivers/STM32F4xx_HAL_Driver/Src/stm32f4xx_hal_cortex.o
 .text.NVIC_EncodePriority
                0x0800393c       0x66 ./Drivers/STM32F4xx_HAL_Driver/Src/stm32f4xx_hal_cortex.o
 *fill*         0x080039a2        0x2 
 .text.SysTick_Config
                0x080039a4       0x44 ./Drivers/STM32F4xx_HAL_Driver/Src/stm32f4xx_hal_cortex.o
 .text.HAL_NVIC_SetPriorityGrouping
                0x080039e8       0x16 ./Drivers/STM32F4xx_HAL_Driver/Src/stm32f4xx_hal_cortex.o
                0x080039e8                HAL_NVIC_SetPriorityGrouping
 .text.HAL_NVIC_SetPriority
                0x080039fe       0x38 ./Drivers/STM32F4xx_HAL_Driver/Src/stm32f4xx_hal_cortex.o
                0x080039fe                HAL_NVIC_SetPriority
 .text.HAL_NVIC_EnableIRQ
                0x08003a36       0x1c ./Drivers/STM32F4xx_HAL_Driver/Src/stm32f4xx_hal_cortex.o
                0x08003a36                HAL_NVIC_EnableIRQ
 .text.HAL_SYSTICK_Config
                0x08003a52       0x18 ./Drivers/STM32F4xx_HAL_Driver/Src/stm32f4xx_hal_cortex.o
                0x08003a52                HAL_SYSTICK_Config
 *fill*         0x08003a6a        0x2 
 .text.HAL_DMA_Init
                0x08003a6c      0x15c ./Drivers/STM32F4xx_HAL_Driver/Src/stm32f4xx_hal_dma.o
                0x08003a6c                HAL_DMA_Init
 .text.HAL_DMA_Start_IT
                0x08003bc8       0xb0 ./Drivers/STM32F4xx_HAL_Driver/Src/stm32f4xx_hal_dma.o
                0x08003bc8                HAL_DMA_Start_IT
 .text.HAL_DMA_Abort
                0x08003c78       0xe0 ./Drivers/STM32F4xx_HAL_Driver/Src/stm32f4xx_hal_dma.o
                0x08003c78                HAL_DMA_Abort
 .text.HAL_DMA_Abort_IT
                0x08003d58       0x44 ./Drivers/STM32F4xx_HAL_Driver/Src/stm32f4xx_hal_dma.o
                0x08003d58                HAL_DMA_Abort_IT
 .text.HAL_DMA_IRQHandler
                0x08003d9c      0x314 ./Drivers/STM32F4xx_HAL_Driver/Src/stm32f4xx_hal_dma.o
                0x08003d9c                HAL_DMA_IRQHandler
 .text.DMA_SetConfig
                0x080040b0       0x5c ./Drivers/STM32F4xx_HAL_Driver/Src/stm32f4xx_hal_dma.o
 .text.DMA_CalcBaseAndBitshift
                0x0800410c       0x6c ./Drivers/STM32F4xx_HAL_Driver/Src/stm32f4xx_hal_dma.o
 .text.DMA_CheckFifoParam
                0x08004178       0xf8 ./Drivers/STM32F4xx_HAL_Driver/Src/stm32f4xx_hal_dma.o
 .text.HAL_GPIO_Init
                0x08004270      0x338 ./Drivers/STM32F4xx_HAL_Driver/Src/stm32f4xx_hal_gpio.o
                0x08004270                HAL_GPIO_Init
 .text.HAL_GPIO_EXTI_IRQHandler
                0x080045a8       0x30 ./Drivers/STM32F4xx_HAL_Driver/Src/stm32f4xx_hal_gpio.o
                0x080045a8                HAL_GPIO_EXTI_IRQHandler
 .text.HAL_I2C_Init
                0x080045d8      0x288 ./Drivers/STM32F4xx_HAL_Driver/Src/stm32f4xx_hal_i2c.o
                0x080045d8                HAL_I2C_Init
 .text.HAL_I2C_Mem_Write
                0x08004860      0x1f4 ./Drivers/STM32F4xx_HAL_Driver/Src/stm32f4xx_hal_i2c.o
                0x08004860                HAL_I2C_Mem_Write
 .text.HAL_I2C_Mem_Read
                0x08004a54      0x464 ./Drivers/STM32F4xx_HAL_Driver/Src/stm32f4xx_hal_i2c.o
                0x08004a54                HAL_I2C_Mem_Read
 .text.I2C_RequestMemoryWrite
                0x08004eb8      0x12c ./Drivers/STM32F4xx_HAL_Driver/Src/stm32f4xx_hal_i2c.o
 .text.I2C_RequestMemoryRead
                0x08004fe4      0x1d0 ./Drivers/STM32F4xx_HAL_Driver/Src/stm32f4xx_hal_i2c.o
 .text.I2C_WaitOnFlagUntilTimeout
                0x080051b4       0xf4 ./Drivers/STM32F4xx_HAL_Driver/Src/stm32f4xx_hal_i2c.o
 .text.I2C_WaitOnMasterAddressFlagUntilTimeout
                0x080052a8      0x140 ./Drivers/STM32F4xx_HAL_Driver/Src/stm32f4xx_hal_i2c.o
 .text.I2C_WaitOnTXEFlagUntilTimeout
                0x080053e8       0x90 ./Drivers/STM32F4xx_HAL_Driver/Src/stm32f4xx_hal_i2c.o
 .text.I2C_WaitOnBTFFlagUntilTimeout
                0x08005478       0x90 ./Drivers/STM32F4xx_HAL_Driver/Src/stm32f4xx_hal_i2c.o
 .text.I2C_WaitOnRXNEFlagUntilTimeout
                0x08005508       0xba ./Drivers/STM32F4xx_HAL_Driver/Src/stm32f4xx_hal_i2c.o
 .text.I2C_IsAcknowledgeFailed
                0x080055c2       0x5e ./Drivers/STM32F4xx_HAL_Driver/Src/stm32f4xx_hal_i2c.o
 .text.HAL_RCC_OscConfig
                0x08005620      0x4f0 ./Drivers/STM32F4xx_HAL_Driver/Src/stm32f4xx_hal_rcc.o
                0x08005620                HAL_RCC_OscConfig
 .text.HAL_RCC_ClockConfig
                0x08005b10      0x1cc ./Drivers/STM32F4xx_HAL_Driver/Src/stm32f4xx_hal_rcc.o
                0x08005b10                HAL_RCC_ClockConfig
 .text.HAL_RCC_GetSysClockFreq
                0x08005cdc      0x20c ./Drivers/STM32F4xx_HAL_Driver/Src/stm32f4xx_hal_rcc.o
                0x08005cdc                HAL_RCC_GetSysClockFreq
 .text.HAL_RCC_GetHCLKFreq
                0x08005ee8       0x18 ./Drivers/STM32F4xx_HAL_Driver/Src/stm32f4xx_hal_rcc.o
                0x08005ee8                HAL_RCC_GetHCLKFreq
 .text.HAL_RCC_GetPCLK1Freq
                0x08005f00       0x28 ./Drivers/STM32F4xx_HAL_Driver/Src/stm32f4xx_hal_rcc.o
                0x08005f00                HAL_RCC_GetPCLK1Freq
 .text.HAL_RCC_GetPCLK2Freq
                0x08005f28       0x28 ./Drivers/STM32F4xx_HAL_Driver/Src/stm32f4xx_hal_rcc.o
                0x08005f28                HAL_RCC_GetPCLK2Freq
 .text.HAL_RCCEx_PeriphCLKConfig
                0x08005f50      0x1c4 ./Drivers/STM32F4xx_HAL_Driver/Src/stm32f4xx_hal_rcc_ex.o
                0x08005f50                HAL_RCCEx_PeriphCLKConfig
 .text.HAL_RTC_Init
                0x08006114      0x106 ./Drivers/STM32F4xx_HAL_Driver/Src/stm32f4xx_hal_rtc.o
                0x08006114                HAL_RTC_Init
 *fill*         0x0800621a        0x2 
 .text.HAL_RTC_WaitForSynchro
                0x0800621c       0x4c ./Drivers/STM32F4xx_HAL_Driver/Src/stm32f4xx_hal_rtc.o
                0x0800621c                HAL_RTC_WaitForSynchro
 .text.RTC_EnterInitMode
                0x08006268       0x6e ./Drivers/STM32F4xx_HAL_Driver/Src/stm32f4xx_hal_rtc.o
                0x08006268                RTC_EnterInitMode
 .text.RTC_ExitInitMode
                0x080062d6       0x4a ./Drivers/STM32F4xx_HAL_Driver/Src/stm32f4xx_hal_rtc.o
                0x080062d6                RTC_ExitInitMode
 .text.HAL_UART_Init
                0x08006320       0xa0 ./Drivers/STM32F4xx_HAL_Driver/Src/stm32f4xx_hal_uart.o
                0x08006320                HAL_UART_Init
 .text.HAL_UART_Transmit_DMA
                0x080063c0       0xe0 ./Drivers/STM32F4xx_HAL_Driver/Src/stm32f4xx_hal_uart.o
                0x080063c0                HAL_UART_Transmit_DMA
 .text.HAL_UARTEx_ReceiveToIdle_DMA
                0x080064a0       0xba ./Drivers/STM32F4xx_HAL_Driver/Src/stm32f4xx_hal_uart.o
                0x080064a0                HAL_UARTEx_ReceiveToIdle_DMA
 *fill*         0x0800655a        0x2 
 .text.HAL_UART_IRQHandler
                0x0800655c      0x524 ./Drivers/STM32F4xx_HAL_Driver/Src/stm32f4xx_hal_uart.o
                0x0800655c                HAL_UART_IRQHandler
 .text.HAL_UART_TxHalfCpltCallback
                0x08006a80       0x14 ./Drivers/STM32F4xx_HAL_Driver/Src/stm32f4xx_hal_uart.o
                0x08006a80                HAL_UART_TxHalfCpltCallback
 .text.HAL_UART_RxCpltCallback
                0x08006a94       0x14 ./Drivers/STM32F4xx_HAL_Driver/Src/stm32f4xx_hal_uart.o
                0x08006a94                HAL_UART_RxCpltCallback
 .text.HAL_UART_RxHalfCpltCallback
                0x08006aa8       0x14 ./Drivers/STM32F4xx_HAL_Driver/Src/stm32f4xx_hal_uart.o
                0x08006aa8                HAL_UART_RxHalfCpltCallback
 .text.HAL_UART_ErrorCallback
                0x08006abc       0x14 ./Drivers/STM32F4xx_HAL_Driver/Src/stm32f4xx_hal_uart.o
                0x08006abc                HAL_UART_ErrorCallback
 .text.UART_DMATransmitCplt
                0x08006ad0       0x9a ./Drivers/STM32F4xx_HAL_Driver/Src/stm32f4xx_hal_uart.o
 .text.UART_DMATxHalfCplt
                0x08006b6a       0x1c ./Drivers/STM32F4xx_HAL_Driver/Src/stm32f4xx_hal_uart.o
 .text.UART_DMAReceiveCplt
                0x08006b86      0x12c ./Drivers/STM32F4xx_HAL_Driver/Src/stm32f4xx_hal_uart.o
 .text.UART_DMARxHalfCplt
                0x08006cb2       0x3c ./Drivers/STM32F4xx_HAL_Driver/Src/stm32f4xx_hal_uart.o
 .text.UART_DMAError
                0x08006cee       0x94 ./Drivers/STM32F4xx_HAL_Driver/Src/stm32f4xx_hal_uart.o
 *fill*         0x08006d82        0x2 
 .text.UART_Start_Receive_DMA
                0x08006d84      0x134 ./Drivers/STM32F4xx_HAL_Driver/Src/stm32f4xx_hal_uart.o
                0x08006d84                UART_Start_Receive_DMA
 .text.UART_EndTxTransfer
                0x08006eb8       0x50 ./Drivers/STM32F4xx_HAL_Driver/Src/stm32f4xx_hal_uart.o
 .text.UART_EndRxTransfer
                0x08006f08       0xc6 ./Drivers/STM32F4xx_HAL_Driver/Src/stm32f4xx_hal_uart.o
 .text.UART_DMAAbortOnError
                0x08006fce       0x28 ./Drivers/STM32F4xx_HAL_Driver/Src/stm32f4xx_hal_uart.o
 .text.UART_Transmit_IT
                0x08006ff6       0xa0 ./Drivers/STM32F4xx_HAL_Driver/Src/stm32f4xx_hal_uart.o
 .text.UART_EndTransmit_IT
                0x08007096       0x30 ./Drivers/STM32F4xx_HAL_Driver/Src/stm32f4xx_hal_uart.o
 .text.UART_Receive_IT
                0x080070c6      0x17c ./Drivers/STM32F4xx_HAL_Driver/Src/stm32f4xx_hal_uart.o
 *fill*         0x08007242        0x2 
 .text.UART_SetConfig
                0x08007244      0x4e8 ./Drivers/STM32F4xx_HAL_Driver/Src/stm32f4xx_hal_uart.o
 .text.roundf   0x0800772c       0x48 /home/oktawiankomornicki/st/stm32cubeide_1.13.2_2/plugins/com.st.stm32cube.ide.mcu.externaltools.gnu-tools-for-stm32.12.3.rel1.linux64_1.0.100.202403111256/tools/bin/../lib/gcc/arm-none-eabi/12.3.1/../../../../arm-none-eabi/lib/thumb/v7e-m+fp/hard/libm.a(libm_a-sf_round.o)
                0x0800772c                roundf
 .text.gcvt     0x08007774       0x58 /home/oktawiankomornicki/st/stm32cubeide_1.13.2_2/plugins/com.st.stm32cube.ide.mcu.externaltools.gnu-tools-for-stm32.12.3.rel1.linux64_1.0.100.202403111256/tools/bin/../lib/gcc/arm-none-eabi/12.3.1/../../../../arm-none-eabi/lib/thumb/v7e-m+fp/hard/libc_nano.a(libc_a-efgcvt.o)
                0x08007774                gcvt
 .text.std      0x080077cc       0x6c /home/oktawiankomornicki/st/stm32cubeide_1.13.2_2/plugins/com.st.stm32cube.ide.mcu.externaltools.gnu-tools-for-stm32.12.3.rel1.linux64_1.0.100.202403111256/tools/bin/../lib/gcc/arm-none-eabi/12.3.1/../../../../arm-none-eabi/lib/thumb/v7e-m+fp/hard/libc_nano.a(libc_a-findfp.o)
 .text.stdio_exit_handler
                0x08007838       0x18 /home/oktawiankomornicki/st/stm32cubeide_1.13.2_2/plugins/com.st.stm32cube.ide.mcu.externaltools.gnu-tools-for-stm32.12.3.rel1.linux64_1.0.100.202403111256/tools/bin/../lib/gcc/arm-none-eabi/12.3.1/../../../../arm-none-eabi/lib/thumb/v7e-m+fp/hard/libc_nano.a(libc_a-findfp.o)
 .text.cleanup_stdio
                0x08007850       0x40 /home/oktawiankomornicki/st/stm32cubeide_1.13.2_2/plugins/com.st.stm32cube.ide.mcu.externaltools.gnu-tools-for-stm32.12.3.rel1.linux64_1.0.100.202403111256/tools/bin/../lib/gcc/arm-none-eabi/12.3.1/../../../../arm-none-eabi/lib/thumb/v7e-m+fp/hard/libc_nano.a(libc_a-findfp.o)
 .text.global_stdio_init.part.0
                0x08007890       0x3c /home/oktawiankomornicki/st/stm32cubeide_1.13.2_2/plugins/com.st.stm32cube.ide.mcu.externaltools.gnu-tools-for-stm32.12.3.rel1.linux64_1.0.100.202403111256/tools/bin/../lib/gcc/arm-none-eabi/12.3.1/../../../../arm-none-eabi/lib/thumb/v7e-m+fp/hard/libc_nano.a(libc_a-findfp.o)
 .text.__sfp_lock_acquire
                0x080078cc        0xc /home/oktawiankomornicki/st/stm32cubeide_1.13.2_2/plugins/com.st.stm32cube.ide.mcu.externaltools.gnu-tools-for-stm32.12.3.rel1.linux64_1.0.100.202403111256/tools/bin/../lib/gcc/arm-none-eabi/12.3.1/../../../../arm-none-eabi/lib/thumb/v7e-m+fp/hard/libc_nano.a(libc_a-findfp.o)
                0x080078cc                __sfp_lock_acquire
 .text.__sfp_lock_release
                0x080078d8        0xc /home/oktawiankomornicki/st/stm32cubeide_1.13.2_2/plugins/com.st.stm32cube.ide.mcu.externaltools.gnu-tools-for-stm32.12.3.rel1.linux64_1.0.100.202403111256/tools/bin/../lib/gcc/arm-none-eabi/12.3.1/../../../../arm-none-eabi/lib/thumb/v7e-m+fp/hard/libc_nano.a(libc_a-findfp.o)
                0x080078d8                __sfp_lock_release
 .text.__sinit  0x080078e4       0x30 /home/oktawiankomornicki/st/stm32cubeide_1.13.2_2/plugins/com.st.stm32cube.ide.mcu.externaltools.gnu-tools-for-stm32.12.3.rel1.linux64_1.0.100.202403111256/tools/bin/../lib/gcc/arm-none-eabi/12.3.1/../../../../arm-none-eabi/lib/thumb/v7e-m+fp/hard/libc_nano.a(libc_a-findfp.o)
                0x080078e4                __sinit
 .text._fwalk_sglue
                0x08007914       0x3c /home/oktawiankomornicki/st/stm32cubeide_1.13.2_2/plugins/com.st.stm32cube.ide.mcu.externaltools.gnu-tools-for-stm32.12.3.rel1.linux64_1.0.100.202403111256/tools/bin/../lib/gcc/arm-none-eabi/12.3.1/../../../../arm-none-eabi/lib/thumb/v7e-m+fp/hard/libc_nano.a(libc_a-fwalk.o)
                0x08007914                _fwalk_sglue
 .text.__sread  0x08007950       0x22 /home/oktawiankomornicki/st/stm32cubeide_1.13.2_2/plugins/com.st.stm32cube.ide.mcu.externaltools.gnu-tools-for-stm32.12.3.rel1.linux64_1.0.100.202403111256/tools/bin/../lib/gcc/arm-none-eabi/12.3.1/../../../../arm-none-eabi/lib/thumb/v7e-m+fp/hard/libc_nano.a(libc_a-stdio.o)
                0x08007950                __sread
 .text.__swrite
                0x08007972       0x38 /home/oktawiankomornicki/st/stm32cubeide_1.13.2_2/plugins/com.st.stm32cube.ide.mcu.externaltools.gnu-tools-for-stm32.12.3.rel1.linux64_1.0.100.202403111256/tools/bin/../lib/gcc/arm-none-eabi/12.3.1/../../../../arm-none-eabi/lib/thumb/v7e-m+fp/hard/libc_nano.a(libc_a-stdio.o)
                0x08007972                __swrite
 .text.__sseek  0x080079aa       0x24 /home/oktawiankomornicki/st/stm32cubeide_1.13.2_2/plugins/com.st.stm32cube.ide.mcu.externaltools.gnu-tools-for-stm32.12.3.rel1.linux64_1.0.100.202403111256/tools/bin/../lib/gcc/arm-none-eabi/12.3.1/../../../../arm-none-eabi/lib/thumb/v7e-m+fp/hard/libc_nano.a(libc_a-stdio.o)
                0x080079aa                __sseek
 .text.__sclose
                0x080079ce        0x8 /home/oktawiankomornicki/st/stm32cubeide_1.13.2_2/plugins/com.st.stm32cube.ide.mcu.externaltools.gnu-tools-for-stm32.12.3.rel1.linux64_1.0.100.202403111256/tools/bin/../lib/gcc/arm-none-eabi/12.3.1/../../../../arm-none-eabi/lib/thumb/v7e-m+fp/hard/libc_nano.a(libc_a-stdio.o)
                0x080079ce                __sclose
 *fill*         0x080079d6        0x2 
 .text._vsprintf_r
                0x080079d8       0x2c /home/oktawiankomornicki/st/stm32cubeide_1.13.2_2/plugins/com.st.stm32cube.ide.mcu.externaltools.gnu-tools-for-stm32.12.3.rel1.linux64_1.0.100.202403111256/tools/bin/../lib/gcc/arm-none-eabi/12.3.1/../../../../arm-none-eabi/lib/thumb/v7e-m+fp/hard/libc_nano.a(libc_a-vsprintf.o)
                0x080079d8                _vsiprintf_r
                0x080079d8                _vsprintf_r
 .text.vsprintf
                0x08007a04       0x14 /home/oktawiankomornicki/st/stm32cubeide_1.13.2_2/plugins/com.st.stm32cube.ide.mcu.externaltools.gnu-tools-for-stm32.12.3.rel1.linux64_1.0.100.202403111256/tools/bin/../lib/gcc/arm-none-eabi/12.3.1/../../../../arm-none-eabi/lib/thumb/v7e-m+fp/hard/libc_nano.a(libc_a-vsprintf.o)
                0x08007a04                vsprintf
                0x08007a04                vsiprintf
 .text.memset   0x08007a18       0x10 /home/oktawiankomornicki/st/stm32cubeide_1.13.2_2/plugins/com.st.stm32cube.ide.mcu.externaltools.gnu-tools-for-stm32.12.3.rel1.linux64_1.0.100.202403111256/tools/bin/../lib/gcc/arm-none-eabi/12.3.1/../../../../arm-none-eabi/lib/thumb/v7e-m+fp/hard/libc_nano.a(libc_a-memset.o)
                0x08007a18                memset
 .text._close_r
                0x08007a28       0x20 /home/oktawiankomornicki/st/stm32cubeide_1.13.2_2/plugins/com.st.stm32cube.ide.mcu.externaltools.gnu-tools-for-stm32.12.3.rel1.linux64_1.0.100.202403111256/tools/bin/../lib/gcc/arm-none-eabi/12.3.1/../../../../arm-none-eabi/lib/thumb/v7e-m+fp/hard/libc_nano.a(libc_a-closer.o)
                0x08007a28                _close_r
 .text._lseek_r
                0x08007a48       0x24 /home/oktawiankomornicki/st/stm32cubeide_1.13.2_2/plugins/com.st.stm32cube.ide.mcu.externaltools.gnu-tools-for-stm32.12.3.rel1.linux64_1.0.100.202403111256/tools/bin/../lib/gcc/arm-none-eabi/12.3.1/../../../../arm-none-eabi/lib/thumb/v7e-m+fp/hard/libc_nano.a(libc_a-lseekr.o)
                0x08007a48                _lseek_r
 .text._read_r  0x08007a6c       0x24 /home/oktawiankomornicki/st/stm32cubeide_1.13.2_2/plugins/com.st.stm32cube.ide.mcu.externaltools.gnu-tools-for-stm32.12.3.rel1.linux64_1.0.100.202403111256/tools/bin/../lib/gcc/arm-none-eabi/12.3.1/../../../../arm-none-eabi/lib/thumb/v7e-m+fp/hard/libc_nano.a(libc_a-readr.o)
                0x08007a6c                _read_r
 .text._write_r
                0x08007a90       0x24 /home/oktawiankomornicki/st/stm32cubeide_1.13.2_2/plugins/com.st.stm32cube.ide.mcu.externaltools.gnu-tools-for-stm32.12.3.rel1.linux64_1.0.100.202403111256/tools/bin/../lib/gcc/arm-none-eabi/12.3.1/../../../../arm-none-eabi/lib/thumb/v7e-m+fp/hard/libc_nano.a(libc_a-writer.o)
                0x08007a90                _write_r
 .text.__errno  0x08007ab4        0xc /home/oktawiankomornicki/st/stm32cubeide_1.13.2_2/plugins/com.st.stm32cube.ide.mcu.externaltools.gnu-tools-for-stm32.12.3.rel1.linux64_1.0.100.202403111256/tools/bin/../lib/gcc/arm-none-eabi/12.3.1/../../../../arm-none-eabi/lib/thumb/v7e-m+fp/hard/libc_nano.a(libc_a-errno.o)
                0x08007ab4                __errno
 .text.__libc_init_array
                0x08007ac0       0x48 /home/oktawiankomornicki/st/stm32cubeide_1.13.2_2/plugins/com.st.stm32cube.ide.mcu.externaltools.gnu-tools-for-stm32.12.3.rel1.linux64_1.0.100.202403111256/tools/bin/../lib/gcc/arm-none-eabi/12.3.1/../../../../arm-none-eabi/lib/thumb/v7e-m+fp/hard/libc_nano.a(libc_a-init.o)
                0x08007ac0                __libc_init_array
 .text.__retarget_lock_init_recursive
                0x08007b08        0x2 /home/oktawiankomornicki/st/stm32cubeide_1.13.2_2/plugins/com.st.stm32cube.ide.mcu.externaltools.gnu-tools-for-stm32.12.3.rel1.linux64_1.0.100.202403111256/tools/bin/../lib/gcc/arm-none-eabi/12.3.1/../../../../arm-none-eabi/lib/thumb/v7e-m+fp/hard/libc_nano.a(libc_a-lock.o)
                0x08007b08                __retarget_lock_init_recursive
 .text.__retarget_lock_acquire_recursive
                0x08007b0a        0x2 /home/oktawiankomornicki/st/stm32cubeide_1.13.2_2/plugins/com.st.stm32cube.ide.mcu.externaltools.gnu-tools-for-stm32.12.3.rel1.linux64_1.0.100.202403111256/tools/bin/../lib/gcc/arm-none-eabi/12.3.1/../../../../arm-none-eabi/lib/thumb/v7e-m+fp/hard/libc_nano.a(libc_a-lock.o)
                0x08007b0a                __retarget_lock_acquire_recursive
 .text.__retarget_lock_release_recursive
                0x08007b0c        0x2 /home/oktawiankomornicki/st/stm32cubeide_1.13.2_2/plugins/com.st.stm32cube.ide.mcu.externaltools.gnu-tools-for-stm32.12.3.rel1.linux64_1.0.100.202403111256/tools/bin/../lib/gcc/arm-none-eabi/12.3.1/../../../../arm-none-eabi/lib/thumb/v7e-m+fp/hard/libc_nano.a(libc_a-lock.o)
                0x08007b0c                __retarget_lock_release_recursive
 .text.memcpy   0x08007b0e       0x1c /home/oktawiankomornicki/st/stm32cubeide_1.13.2_2/plugins/com.st.stm32cube.ide.mcu.externaltools.gnu-tools-for-stm32.12.3.rel1.linux64_1.0.100.202403111256/tools/bin/../lib/gcc/arm-none-eabi/12.3.1/../../../../arm-none-eabi/lib/thumb/v7e-m+fp/hard/libc_nano.a(libc_a-memcpy-stub.o)
                0x08007b0e                memcpy
 *fill*         0x08007b2a        0x2 
 .text._free_r  0x08007b2c       0x94 /home/oktawiankomornicki/st/stm32cubeide_1.13.2_2/plugins/com.st.stm32cube.ide.mcu.externaltools.gnu-tools-for-stm32.12.3.rel1.linux64_1.0.100.202403111256/tools/bin/../lib/gcc/arm-none-eabi/12.3.1/../../../../arm-none-eabi/lib/thumb/v7e-m+fp/hard/libc_nano.a(libc_a-freer.o)
                0x08007b2c                _free_r
 .text.sbrk_aligned
                0x08007bc0       0x44 /home/oktawiankomornicki/st/stm32cubeide_1.13.2_2/plugins/com.st.stm32cube.ide.mcu.externaltools.gnu-tools-for-stm32.12.3.rel1.linux64_1.0.100.202403111256/tools/bin/../lib/gcc/arm-none-eabi/12.3.1/../../../../arm-none-eabi/lib/thumb/v7e-m+fp/hard/libc_nano.a(libc_a-mallocr.o)
 .text._malloc_r
                0x08007c04      0x100 /home/oktawiankomornicki/st/stm32cubeide_1.13.2_2/plugins/com.st.stm32cube.ide.mcu.externaltools.gnu-tools-for-stm32.12.3.rel1.linux64_1.0.100.202403111256/tools/bin/../lib/gcc/arm-none-eabi/12.3.1/../../../../arm-none-eabi/lib/thumb/v7e-m+fp/hard/libc_nano.a(libc_a-mallocr.o)
                0x08007c04                _malloc_r
 .text.__malloc_lock
                0x08007d04        0xc /home/oktawiankomornicki/st/stm32cubeide_1.13.2_2/plugins/com.st.stm32cube.ide.mcu.externaltools.gnu-tools-for-stm32.12.3.rel1.linux64_1.0.100.202403111256/tools/bin/../lib/gcc/arm-none-eabi/12.3.1/../../../../arm-none-eabi/lib/thumb/v7e-m+fp/hard/libc_nano.a(libc_a-mlock.o)
                0x08007d04                __malloc_lock
 .text.__malloc_unlock
                0x08007d10        0xc /home/oktawiankomornicki/st/stm32cubeide_1.13.2_2/plugins/com.st.stm32cube.ide.mcu.externaltools.gnu-tools-for-stm32.12.3.rel1.linux64_1.0.100.202403111256/tools/bin/../lib/gcc/arm-none-eabi/12.3.1/../../../../arm-none-eabi/lib/thumb/v7e-m+fp/hard/libc_nano.a(libc_a-mlock.o)
                0x08007d10                __malloc_unlock
 .text.print_e  0x08007d1c       0xe4 /home/oktawiankomornicki/st/stm32cubeide_1.13.2_2/plugins/com.st.stm32cube.ide.mcu.externaltools.gnu-tools-for-stm32.12.3.rel1.linux64_1.0.100.202403111256/tools/bin/../lib/gcc/arm-none-eabi/12.3.1/../../../../arm-none-eabi/lib/thumb/v7e-m+fp/hard/libc_nano.a(libc_a-ecvtbuf.o)
 .text._gcvt    0x08007e00      0x188 /home/oktawiankomornicki/st/stm32cubeide_1.13.2_2/plugins/com.st.stm32cube.ide.mcu.externaltools.gnu-tools-for-stm32.12.3.rel1.linux64_1.0.100.202403111256/tools/bin/../lib/gcc/arm-none-eabi/12.3.1/../../../../arm-none-eabi/lib/thumb/v7e-m+fp/hard/libc_nano.a(libc_a-ecvtbuf.o)
                0x08007e00                _gcvt
 .text.__ssputs_r
                0x08007f88       0xb6 /home/oktawiankomornicki/st/stm32cubeide_1.13.2_2/plugins/com.st.stm32cube.ide.mcu.externaltools.gnu-tools-for-stm32.12.3.rel1.linux64_1.0.100.202403111256/tools/bin/../lib/gcc/arm-none-eabi/12.3.1/../../../../arm-none-eabi/lib/thumb/v7e-m+fp/hard/libc_nano.a(libc_a-nano-svfprintf.o)
                0x08007f88                __ssputs_r
 *fill*         0x0800803e        0x2 
 .text._svfprintf_r
                0x08008040      0x1f8 /home/oktawiankomornicki/st/stm32cubeide_1.13.2_2/plugins/com.st.stm32cube.ide.mcu.externaltools.gnu-tools-for-stm32.12.3.rel1.linux64_1.0.100.202403111256/tools/bin/../lib/gcc/arm-none-eabi/12.3.1/../../../../arm-none-eabi/lib/thumb/v7e-m+fp/hard/libc_nano.a(libc_a-nano-svfprintf.o)
                0x08008040                _svfprintf_r
                0x08008040                _svfiprintf_r
 .text._printf_common
                0x08008238       0xda /home/oktawiankomornicki/st/stm32cubeide_1.13.2_2/plugins/com.st.stm32cube.ide.mcu.externaltools.gnu-tools-for-stm32.12.3.rel1.linux64_1.0.100.202403111256/tools/bin/../lib/gcc/arm-none-eabi/12.3.1/../../../../arm-none-eabi/lib/thumb/v7e-m+fp/hard/libc_nano.a(libc_a-nano-vfprintf_i.o)
                0x08008238                _printf_common
 *fill*         0x08008312        0x2 
 .text._printf_i
                0x08008314      0x240 /home/oktawiankomornicki/st/stm32cubeide_1.13.2_2/plugins/com.st.stm32cube.ide.mcu.externaltools.gnu-tools-for-stm32.12.3.rel1.linux64_1.0.100.202403111256/tools/bin/../lib/gcc/arm-none-eabi/12.3.1/../../../../arm-none-eabi/lib/thumb/v7e-m+fp/hard/libc_nano.a(libc_a-nano-vfprintf_i.o)
                0x08008314                _printf_i
 .text.__sflush_r
                0x08008554      0x108 /home/oktawiankomornicki/st/stm32cubeide_1.13.2_2/plugins/com.st.stm32cube.ide.mcu.externaltools.gnu-tools-for-stm32.12.3.rel1.linux64_1.0.100.202403111256/tools/bin/../lib/gcc/arm-none-eabi/12.3.1/../../../../arm-none-eabi/lib/thumb/v7e-m+fp/hard/libc_nano.a(libc_a-fflush.o)
                0x08008554                __sflush_r
 .text._fflush_r
                0x0800865c       0x50 /home/oktawiankomornicki/st/stm32cubeide_1.13.2_2/plugins/com.st.stm32cube.ide.mcu.externaltools.gnu-tools-for-stm32.12.3.rel1.linux64_1.0.100.202403111256/tools/bin/../lib/gcc/arm-none-eabi/12.3.1/../../../../arm-none-eabi/lib/thumb/v7e-m+fp/hard/libc_nano.a(libc_a-fflush.o)
                0x0800865c                _fflush_r
 .text.memmove  0x080086ac       0x34 /home/oktawiankomornicki/st/stm32cubeide_1.13.2_2/plugins/com.st.stm32cube.ide.mcu.externaltools.gnu-tools-for-stm32.12.3.rel1.linux64_1.0.100.202403111256/tools/bin/../lib/gcc/arm-none-eabi/12.3.1/../../../../arm-none-eabi/lib/thumb/v7e-m+fp/hard/libc_nano.a(libc_a-memmove.o)
                0x080086ac                memmove
 .text._sbrk_r  0x080086e0       0x20 /home/oktawiankomornicki/st/stm32cubeide_1.13.2_2/plugins/com.st.stm32cube.ide.mcu.externaltools.gnu-tools-for-stm32.12.3.rel1.linux64_1.0.100.202403111256/tools/bin/../lib/gcc/arm-none-eabi/12.3.1/../../../../arm-none-eabi/lib/thumb/v7e-m+fp/hard/libc_nano.a(libc_a-sbrkr.o)
                0x080086e0                _sbrk_r
 .text.strcpy   0x08008700       0x10 /home/oktawiankomornicki/st/stm32cubeide_1.13.2_2/plugins/com.st.stm32cube.ide.mcu.externaltools.gnu-tools-for-stm32.12.3.rel1.linux64_1.0.100.202403111256/tools/bin/../lib/gcc/arm-none-eabi/12.3.1/../../../../arm-none-eabi/lib/thumb/v7e-m+fp/hard/libc_nano.a(libc_a-strcpy.o)
                0x08008700                strcpy
 .text.quorem   0x08008710      0x110 /home/oktawiankomornicki/st/stm32cubeide_1.13.2_2/plugins/com.st.stm32cube.ide.mcu.externaltools.gnu-tools-for-stm32.12.3.rel1.linux64_1.0.100.202403111256/tools/bin/../lib/gcc/arm-none-eabi/12.3.1/../../../../arm-none-eabi/lib/thumb/v7e-m+fp/hard/libc_nano.a(libc_a-dtoa.o)
 .text._dtoa_r  0x08008820      0xb88 /home/oktawiankomornicki/st/stm32cubeide_1.13.2_2/plugins/com.st.stm32cube.ide.mcu.externaltools.gnu-tools-for-stm32.12.3.rel1.linux64_1.0.100.202403111256/tools/bin/../lib/gcc/arm-none-eabi/12.3.1/../../../../arm-none-eabi/lib/thumb/v7e-m+fp/hard/libc_nano.a(libc_a-dtoa.o)
                0x08008820                _dtoa_r
 .text.malloc   0x080093a8       0x10 /home/oktawiankomornicki/st/stm32cubeide_1.13.2_2/plugins/com.st.stm32cube.ide.mcu.externaltools.gnu-tools-for-stm32.12.3.rel1.linux64_1.0.100.202403111256/tools/bin/../lib/gcc/arm-none-eabi/12.3.1/../../../../arm-none-eabi/lib/thumb/v7e-m+fp/hard/libc_nano.a(libc_a-malloc.o)
                0x080093a8                malloc
 .text._Balloc  0x080093b8       0x80 /home/oktawiankomornicki/st/stm32cubeide_1.13.2_2/plugins/com.st.stm32cube.ide.mcu.externaltools.gnu-tools-for-stm32.12.3.rel1.linux64_1.0.100.202403111256/tools/bin/../lib/gcc/arm-none-eabi/12.3.1/../../../../arm-none-eabi/lib/thumb/v7e-m+fp/hard/libc_nano.a(libc_a-mprec.o)
                0x080093b8                _Balloc
 .text._Bfree   0x08009438       0x44 /home/oktawiankomornicki/st/stm32cubeide_1.13.2_2/plugins/com.st.stm32cube.ide.mcu.externaltools.gnu-tools-for-stm32.12.3.rel1.linux64_1.0.100.202403111256/tools/bin/../lib/gcc/arm-none-eabi/12.3.1/../../../../arm-none-eabi/lib/thumb/v7e-m+fp/hard/libc_nano.a(libc_a-mprec.o)
                0x08009438                _Bfree
 .text.__multadd
                0x0800947c       0x8c /home/oktawiankomornicki/st/stm32cubeide_1.13.2_2/plugins/com.st.stm32cube.ide.mcu.externaltools.gnu-tools-for-stm32.12.3.rel1.linux64_1.0.100.202403111256/tools/bin/../lib/gcc/arm-none-eabi/12.3.1/../../../../arm-none-eabi/lib/thumb/v7e-m+fp/hard/libc_nano.a(libc_a-mprec.o)
                0x0800947c                __multadd
 .text.__hi0bits
                0x08009508       0x3e /home/oktawiankomornicki/st/stm32cubeide_1.13.2_2/plugins/com.st.stm32cube.ide.mcu.externaltools.gnu-tools-for-stm32.12.3.rel1.linux64_1.0.100.202403111256/tools/bin/../lib/gcc/arm-none-eabi/12.3.1/../../../../arm-none-eabi/lib/thumb/v7e-m+fp/hard/libc_nano.a(libc_a-mprec.o)
                0x08009508                __hi0bits
 .text.__lo0bits
                0x08009546       0x5a /home/oktawiankomornicki/st/stm32cubeide_1.13.2_2/plugins/com.st.stm32cube.ide.mcu.externaltools.gnu-tools-for-stm32.12.3.rel1.linux64_1.0.100.202403111256/tools/bin/../lib/gcc/arm-none-eabi/12.3.1/../../../../arm-none-eabi/lib/thumb/v7e-m+fp/hard/libc_nano.a(libc_a-mprec.o)
                0x08009546                __lo0bits
 .text.__i2b    0x080095a0       0x2c /home/oktawiankomornicki/st/stm32cubeide_1.13.2_2/plugins/com.st.stm32cube.ide.mcu.externaltools.gnu-tools-for-stm32.12.3.rel1.linux64_1.0.100.202403111256/tools/bin/../lib/gcc/arm-none-eabi/12.3.1/../../../../arm-none-eabi/lib/thumb/v7e-m+fp/hard/libc_nano.a(libc_a-mprec.o)
                0x080095a0                __i2b
 .text.__multiply
                0x080095cc      0x154 /home/oktawiankomornicki/st/stm32cubeide_1.13.2_2/plugins/com.st.stm32cube.ide.mcu.externaltools.gnu-tools-for-stm32.12.3.rel1.linux64_1.0.100.202403111256/tools/bin/../lib/gcc/arm-none-eabi/12.3.1/../../../../arm-none-eabi/lib/thumb/v7e-m+fp/hard/libc_nano.a(libc_a-mprec.o)
                0x080095cc                __multiply
 .text.__pow5mult
                0x08009720       0xb4 /home/oktawiankomornicki/st/stm32cubeide_1.13.2_2/plugins/com.st.stm32cube.ide.mcu.externaltools.gnu-tools-for-stm32.12.3.rel1.linux64_1.0.100.202403111256/tools/bin/../lib/gcc/arm-none-eabi/12.3.1/../../../../arm-none-eabi/lib/thumb/v7e-m+fp/hard/libc_nano.a(libc_a-mprec.o)
                0x08009720                __pow5mult
 .text.__lshift
                0x080097d4       0xd8 /home/oktawiankomornicki/st/stm32cubeide_1.13.2_2/plugins/com.st.stm32cube.ide.mcu.externaltools.gnu-tools-for-stm32.12.3.rel1.linux64_1.0.100.202403111256/tools/bin/../lib/gcc/arm-none-eabi/12.3.1/../../../../arm-none-eabi/lib/thumb/v7e-m+fp/hard/libc_nano.a(libc_a-mprec.o)
                0x080097d4                __lshift
 .text.__mcmp   0x080098ac       0x36 /home/oktawiankomornicki/st/stm32cubeide_1.13.2_2/plugins/com.st.stm32cube.ide.mcu.externaltools.gnu-tools-for-stm32.12.3.rel1.linux64_1.0.100.202403111256/tools/bin/../lib/gcc/arm-none-eabi/12.3.1/../../../../arm-none-eabi/lib/thumb/v7e-m+fp/hard/libc_nano.a(libc_a-mprec.o)
                0x080098ac                __mcmp
 *fill*         0x080098e2        0x2 
 .text.__mdiff  0x080098e4      0x128 /home/oktawiankomornicki/st/stm32cubeide_1.13.2_2/plugins/com.st.stm32cube.ide.mcu.externaltools.gnu-tools-for-stm32.12.3.rel1.linux64_1.0.100.202403111256/tools/bin/../lib/gcc/arm-none-eabi/12.3.1/../../../../arm-none-eabi/lib/thumb/v7e-m+fp/hard/libc_nano.a(libc_a-mprec.o)
                0x080098e4                __mdiff
 .text.__d2b    0x08009a0c       0xb0 /home/oktawiankomornicki/st/stm32cubeide_1.13.2_2/plugins/com.st.stm32cube.ide.mcu.externaltools.gnu-tools-for-stm32.12.3.rel1.linux64_1.0.100.202403111256/tools/bin/../lib/gcc/arm-none-eabi/12.3.1/../../../../arm-none-eabi/lib/thumb/v7e-m+fp/hard/libc_nano.a(libc_a-mprec.o)
                0x08009a0c                __d2b
 .text._mprec_log10
                0x08009abc       0x3c /home/oktawiankomornicki/st/stm32cubeide_1.13.2_2/plugins/com.st.stm32cube.ide.mcu.externaltools.gnu-tools-for-stm32.12.3.rel1.linux64_1.0.100.202403111256/tools/bin/../lib/gcc/arm-none-eabi/12.3.1/../../../../arm-none-eabi/lib/thumb/v7e-m+fp/hard/libc_nano.a(libc_a-mprec.o)
                0x08009abc                _mprec_log10
 .text._realloc_r
                0x08009af8       0x5c /home/oktawiankomornicki/st/stm32cubeide_1.13.2_2/plugins/com.st.stm32cube.ide.mcu.externaltools.gnu-tools-for-stm32.12.3.rel1.linux64_1.0.100.202403111256/tools/bin/../lib/gcc/arm-none-eabi/12.3.1/../../../../arm-none-eabi/lib/thumb/v7e-m+fp/hard/libc_nano.a(libc_a-reallocr.o)
                0x08009af8                _realloc_r
 .text.__assert_func
                0x08009b54       0x3c /home/oktawiankomornicki/st/stm32cubeide_1.13.2_2/plugins/com.st.stm32cube.ide.mcu.externaltools.gnu-tools-for-stm32.12.3.rel1.linux64_1.0.100.202403111256/tools/bin/../lib/gcc/arm-none-eabi/12.3.1/../../../../arm-none-eabi/lib/thumb/v7e-m+fp/hard/libc_nano.a(libc_a-assert.o)
                0x08009b54                __assert_func
 .text._calloc_r
                0x08009b90       0x28 /home/oktawiankomornicki/st/stm32cubeide_1.13.2_2/plugins/com.st.stm32cube.ide.mcu.externaltools.gnu-tools-for-stm32.12.3.rel1.linux64_1.0.100.202403111256/tools/bin/../lib/gcc/arm-none-eabi/12.3.1/../../../../arm-none-eabi/lib/thumb/v7e-m+fp/hard/libc_nano.a(libc_a-callocr.o)
                0x08009b90                _calloc_r
 .text._malloc_usable_size_r
                0x08009bb8       0x10 /home/oktawiankomornicki/st/stm32cubeide_1.13.2_2/plugins/com.st.stm32cube.ide.mcu.externaltools.gnu-tools-for-stm32.12.3.rel1.linux64_1.0.100.202403111256/tools/bin/../lib/gcc/arm-none-eabi/12.3.1/../../../../arm-none-eabi/lib/thumb/v7e-m+fp/hard/libc_nano.a(libc_a-msizer.o)
                0x08009bb8                _malloc_usable_size_r
 .text.fprintf  0x08009bc8       0x24 /home/oktawiankomornicki/st/stm32cubeide_1.13.2_2/plugins/com.st.stm32cube.ide.mcu.externaltools.gnu-tools-for-stm32.12.3.rel1.linux64_1.0.100.202403111256/tools/bin/../lib/gcc/arm-none-eabi/12.3.1/../../../../arm-none-eabi/lib/thumb/v7e-m+fp/hard/libc_nano.a(libc_a-fprintf.o)
                0x08009bc8                fprintf
                0x08009bc8                fiprintf
 .text.abort    0x08009bec        0xe /home/oktawiankomornicki/st/stm32cubeide_1.13.2_2/plugins/com.st.stm32cube.ide.mcu.externaltools.gnu-tools-for-stm32.12.3.rel1.linux64_1.0.100.202403111256/tools/bin/../lib/gcc/arm-none-eabi/12.3.1/../../../../arm-none-eabi/lib/thumb/v7e-m+fp/hard/libc_nano.a(libc_a-abort.o)
                0x08009bec                abort
 .text.__sfputc_r
                0x08009bfa       0x2e /home/oktawiankomornicki/st/stm32cubeide_1.13.2_2/plugins/com.st.stm32cube.ide.mcu.externaltools.gnu-tools-for-stm32.12.3.rel1.linux64_1.0.100.202403111256/tools/bin/../lib/gcc/arm-none-eabi/12.3.1/../../../../arm-none-eabi/lib/thumb/v7e-m+fp/hard/libc_nano.a(libc_a-nano-vfprintf.o)
 .text.__sfputs_r
                0x08009c28       0x24 /home/oktawiankomornicki/st/stm32cubeide_1.13.2_2/plugins/com.st.stm32cube.ide.mcu.externaltools.gnu-tools-for-stm32.12.3.rel1.linux64_1.0.100.202403111256/tools/bin/../lib/gcc/arm-none-eabi/12.3.1/../../../../arm-none-eabi/lib/thumb/v7e-m+fp/hard/libc_nano.a(libc_a-nano-vfprintf.o)
                0x08009c28                __sfputs_r
 .text._vfprintf_r
                0x08009c4c      0x230 /home/oktawiankomornicki/st/stm32cubeide_1.13.2_2/plugins/com.st.stm32cube.ide.mcu.externaltools.gnu-tools-for-stm32.12.3.rel1.linux64_1.0.100.202403111256/tools/bin/../lib/gcc/arm-none-eabi/12.3.1/../../../../arm-none-eabi/lib/thumb/v7e-m+fp/hard/libc_nano.a(libc_a-nano-vfprintf.o)
                0x08009c4c                _vfiprintf_r
                0x08009c4c                _vfprintf_r
 .text.__swbuf_r
                0x08009e7c       0x7c /home/oktawiankomornicki/st/stm32cubeide_1.13.2_2/plugins/com.st.stm32cube.ide.mcu.externaltools.gnu-tools-for-stm32.12.3.rel1.linux64_1.0.100.202403111256/tools/bin/../lib/gcc/arm-none-eabi/12.3.1/../../../../arm-none-eabi/lib/thumb/v7e-m+fp/hard/libc_nano.a(libc_a-wbuf.o)
                0x08009e7c                __swbuf_r
 .text.__swsetup_r
                0x08009ef8       0xac /home/oktawiankomornicki/st/stm32cubeide_1.13.2_2/plugins/com.st.stm32cube.ide.mcu.externaltools.gnu-tools-for-stm32.12.3.rel1.linux64_1.0.100.202403111256/tools/bin/../lib/gcc/arm-none-eabi/12.3.1/../../../../arm-none-eabi/lib/thumb/v7e-m+fp/hard/libc_nano.a(libc_a-wsetup.o)
                0x08009ef8                __swsetup_r
 .text._raise_r
                0x08009fa4       0x50 /home/oktawiankomornicki/st/stm32cubeide_1.13.2_2/plugins/com.st.stm32cube.ide.mcu.externaltools.gnu-tools-for-stm32.12.3.rel1.linux64_1.0.100.202403111256/tools/bin/../lib/gcc/arm-none-eabi/12.3.1/../../../../arm-none-eabi/lib/thumb/v7e-m+fp/hard/libc_nano.a(libc_a-signal.o)
                0x08009fa4                _raise_r
 .text.raise    0x08009ff4       0x10 /home/oktawiankomornicki/st/stm32cubeide_1.13.2_2/plugins/com.st.stm32cube.ide.mcu.externaltools.gnu-tools-for-stm32.12.3.rel1.linux64_1.0.100.202403111256/tools/bin/../lib/gcc/arm-none-eabi/12.3.1/../../../../arm-none-eabi/lib/thumb/v7e-m+fp/hard/libc_nano.a(libc_a-signal.o)
                0x08009ff4                raise
 .text._kill_r  0x0800a004       0x24 /home/oktawiankomornicki/st/stm32cubeide_1.13.2_2/plugins/com.st.stm32cube.ide.mcu.externaltools.gnu-tools-for-stm32.12.3.rel1.linux64_1.0.100.202403111256/tools/bin/../lib/gcc/arm-none-eabi/12.3.1/../../../../arm-none-eabi/lib/thumb/v7e-m+fp/hard/libc_nano.a(libc_a-signalr.o)
                0x0800a004                _kill_r
 .text._getpid_r
                0x0800a028        0x4 /home/oktawiankomornicki/st/stm32cubeide_1.13.2_2/plugins/com.st.stm32cube.ide.mcu.externaltools.gnu-tools-for-stm32.12.3.rel1.linux64_1.0.100.202403111256/tools/bin/../lib/gcc/arm-none-eabi/12.3.1/../../../../arm-none-eabi/lib/thumb/v7e-m+fp/hard/libc_nano.a(libc_a-signalr.o)
                0x0800a028                _getpid_r
 .text.__swhatbuf_r
                0x0800a02c       0x4c /home/oktawiankomornicki/st/stm32cubeide_1.13.2_2/plugins/com.st.stm32cube.ide.mcu.externaltools.gnu-tools-for-stm32.12.3.rel1.linux64_1.0.100.202403111256/tools/bin/../lib/gcc/arm-none-eabi/12.3.1/../../../../arm-none-eabi/lib/thumb/v7e-m+fp/hard/libc_nano.a(libc_a-makebuf.o)
                0x0800a02c                __swhatbuf_r
 .text.__smakebuf_r
                0x0800a078       0x78 /home/oktawiankomornicki/st/stm32cubeide_1.13.2_2/plugins/com.st.stm32cube.ide.mcu.externaltools.gnu-tools-for-stm32.12.3.rel1.linux64_1.0.100.202403111256/tools/bin/../lib/gcc/arm-none-eabi/12.3.1/../../../../arm-none-eabi/lib/thumb/v7e-m+fp/hard/libc_nano.a(libc_a-makebuf.o)
                0x0800a078                __smakebuf_r
 .text._fstat_r
                0x0800a0f0       0x24 /home/oktawiankomornicki/st/stm32cubeide_1.13.2_2/plugins/com.st.stm32cube.ide.mcu.externaltools.gnu-tools-for-stm32.12.3.rel1.linux64_1.0.100.202403111256/tools/bin/../lib/gcc/arm-none-eabi/12.3.1/../../../../arm-none-eabi/lib/thumb/v7e-m+fp/hard/libc_nano.a(libc_a-fstatr.o)
                0x0800a0f0                _fstat_r
 .text._isatty_r
                0x0800a114       0x20 /home/oktawiankomornicki/st/stm32cubeide_1.13.2_2/plugins/com.st.stm32cube.ide.mcu.externaltools.gnu-tools-for-stm32.12.3.rel1.linux64_1.0.100.202403111256/tools/bin/../lib/gcc/arm-none-eabi/12.3.1/../../../../arm-none-eabi/lib/thumb/v7e-m+fp/hard/libc_nano.a(libc_a-isattyr.o)
                0x0800a114                _isatty_r
 *(.glue_7)
 .glue_7        0x0800a134        0x0 linker stubs
 *(.glue_7t)
 .glue_7t       0x0800a134        0x0 linker stubs
 *(.eh_frame)
 .eh_frame      0x0800a134        0x0 /home/oktawiankomornicki/st/stm32cubeide_1.13.2_2/plugins/com.st.stm32cube.ide.mcu.externaltools.gnu-tools-for-stm32.12.3.rel1.linux64_1.0.100.202403111256/tools/bin/../lib/gcc/arm-none-eabi/12.3.1/thumb/v7e-m+fp/hard/crtbegin.o
 *(.init)
 .init          0x0800a134        0x4 /home/oktawiankomornicki/st/stm32cubeide_1.13.2_2/plugins/com.st.stm32cube.ide.mcu.externaltools.gnu-tools-for-stm32.12.3.rel1.linux64_1.0.100.202403111256/tools/bin/../lib/gcc/arm-none-eabi/12.3.1/thumb/v7e-m+fp/hard/crti.o
                0x0800a134                _init
 .init          0x0800a138        0x8 /home/oktawiankomornicki/st/stm32cubeide_1.13.2_2/plugins/com.st.stm32cube.ide.mcu.externaltools.gnu-tools-for-stm32.12.3.rel1.linux64_1.0.100.202403111256/tools/bin/../lib/gcc/arm-none-eabi/12.3.1/thumb/v7e-m+fp/hard/crtn.o
 *(.fini)
 .fini          0x0800a140        0x4 /home/oktawiankomornicki/st/stm32cubeide_1.13.2_2/plugins/com.st.stm32cube.ide.mcu.externaltools.gnu-tools-for-stm32.12.3.rel1.linux64_1.0.100.202403111256/tools/bin/../lib/gcc/arm-none-eabi/12.3.1/thumb/v7e-m+fp/hard/crti.o
                0x0800a140                _fini
 .fini          0x0800a144        0x8 /home/oktawiankomornicki/st/stm32cubeide_1.13.2_2/plugins/com.st.stm32cube.ide.mcu.externaltools.gnu-tools-for-stm32.12.3.rel1.linux64_1.0.100.202403111256/tools/bin/../lib/gcc/arm-none-eabi/12.3.1/thumb/v7e-m+fp/hard/crtn.o
                0x0800a14c                        . = ALIGN (0x4)
                0x0800a14c                        _etext = .

.vfp11_veneer   0x0800a14c        0x0
 .vfp11_veneer  0x0800a14c        0x0 linker stubs

.v4_bx          0x0800a14c        0x0
 .v4_bx         0x0800a14c        0x0 linker stubs

.iplt           0x0800a14c        0x0
 .iplt          0x0800a14c        0x0 /home/oktawiankomornicki/st/stm32cubeide_1.13.2_2/plugins/com.st.stm32cube.ide.mcu.externaltools.gnu-tools-for-stm32.12.3.rel1.linux64_1.0.100.202403111256/tools/bin/../lib/gcc/arm-none-eabi/12.3.1/thumb/v7e-m+fp/hard/crtbegin.o

.rodata         0x0800a150      0x7ec
                0x0800a150                        . = ALIGN (0x4)
 *(.rodata)
 .rodata        0x0800a150       0xba ./Core/Src/DLTuc.o
 *fill*         0x0800a20a        0x2 
 .rodata        0x0800a20c      0x173 ./Core/Src/Dem.o
 *fill*         0x0800a37f        0x1 
 .rodata        0x0800a380       0x40 ./Core/Src/DtcRequestHandler.o
 .rodata        0x0800a3c0       0xcf ./Core/Src/NvM.o
 *fill*         0x0800a48f        0x1 
 .rodata        0x0800a490      0x15f ./Core/Src/VoltageMonitor.o
 *fill*         0x0800a5ef        0x1 
 .rodata        0x0800a5f0       0x53 ./Core/Src/main.o
 *(.rodata*)
 *fill*         0x0800a643        0x1 
 .rodata.__FUNCTION__.2
                0x0800a644       0x13 ./Core/Src/Dem.o
 *fill*         0x0800a657        0x1 
 .rodata.__FUNCTION__.1
                0x0800a658       0x13 ./Core/Src/Dem.o
 *fill*         0x0800a66b        0x1 
 .rodata.__FUNCTION__.0
                0x0800a66c        0xd ./Core/Src/Dem.o
 *fill*         0x0800a679        0x3 
 .rodata.__FUNCTION__.1
                0x0800a67c        0xc ./Core/Src/DtcRequestHandler.o
 .rodata.__FUNCTION__.0
                0x0800a688        0xb ./Core/Src/DtcRequestHandler.o
 *fill*         0x0800a693        0x1 
 .rodata.__FUNCTION__.1
                0x0800a694        0xe ./Core/Src/NvM.o
 *fill*         0x0800a6a2        0x2 
 .rodata.__FUNCTION__.0
                0x0800a6a4        0xf ./Core/Src/NvM.o
 *fill*         0x0800a6b3        0x1 
 .rodata.__FUNCTION__.0
                0x0800a6b4        0xd ./Core/Src/VoltageMonitor.o
 *fill*         0x0800a6c1        0x3 
 .rodata.AHBPrescTable
                0x0800a6c4       0x10 ./Core/Src/system_stm32f4xx.o
                0x0800a6c4                AHBPrescTable
 .rodata.APBPrescTable
                0x0800a6d4        0x8 ./Core/Src/system_stm32f4xx.o
                0x0800a6d4                APBPrescTable
 .rodata.flagBitshiftOffset.0
                0x0800a6dc        0x8 ./Drivers/STM32F4xx_HAL_Driver/Src/stm32f4xx_hal_dma.o
 .rodata._svfprintf_r.str1.1
                0x0800a6e4       0x11 /home/oktawiankomornicki/st/stm32cubeide_1.13.2_2/plugins/com.st.stm32cube.ide.mcu.externaltools.gnu-tools-for-stm32.12.3.rel1.linux64_1.0.100.202403111256/tools/bin/../lib/gcc/arm-none-eabi/12.3.1/../../../../arm-none-eabi/lib/thumb/v7e-m+fp/hard/libc_nano.a(libc_a-nano-svfprintf.o)
 .rodata._printf_i.str1.1
                0x0800a6f5       0x22 /home/oktawiankomornicki/st/stm32cubeide_1.13.2_2/plugins/com.st.stm32cube.ide.mcu.externaltools.gnu-tools-for-stm32.12.3.rel1.linux64_1.0.100.202403111256/tools/bin/../lib/gcc/arm-none-eabi/12.3.1/../../../../arm-none-eabi/lib/thumb/v7e-m+fp/hard/libc_nano.a(libc_a-nano-vfprintf_i.o)
 .rodata._dtoa_r.str1.1
                0x0800a717       0x8f /home/oktawiankomornicki/st/stm32cubeide_1.13.2_2/plugins/com.st.stm32cube.ide.mcu.externaltools.gnu-tools-for-stm32.12.3.rel1.linux64_1.0.100.202403111256/tools/bin/../lib/gcc/arm-none-eabi/12.3.1/../../../../arm-none-eabi/lib/thumb/v7e-m+fp/hard/libc_nano.a(libc_a-dtoa.o)
 .rodata._Balloc.str1.1
                0x0800a7a6       0x59 /home/oktawiankomornicki/st/stm32cubeide_1.13.2_2/plugins/com.st.stm32cube.ide.mcu.externaltools.gnu-tools-for-stm32.12.3.rel1.linux64_1.0.100.202403111256/tools/bin/../lib/gcc/arm-none-eabi/12.3.1/../../../../arm-none-eabi/lib/thumb/v7e-m+fp/hard/libc_nano.a(libc_a-mprec.o)
                                 0x70 (size before relaxing)
 .rodata.__multadd.str1.1
                0x0800a7ff       0x11 /home/oktawiankomornicki/st/stm32cubeide_1.13.2_2/plugins/com.st.stm32cube.ide.mcu.externaltools.gnu-tools-for-stm32.12.3.rel1.linux64_1.0.100.202403111256/tools/bin/../lib/gcc/arm-none-eabi/12.3.1/../../../../arm-none-eabi/lib/thumb/v7e-m+fp/hard/libc_nano.a(libc_a-mprec.o)
 *fill*         0x0800a7ff        0x1 
 .rodata.p05.0  0x0800a800        0xc /home/oktawiankomornicki/st/stm32cubeide_1.13.2_2/plugins/com.st.stm32cube.ide.mcu.externaltools.gnu-tools-for-stm32.12.3.rel1.linux64_1.0.100.202403111256/tools/bin/../lib/gcc/arm-none-eabi/12.3.1/../../../../arm-none-eabi/lib/thumb/v7e-m+fp/hard/libc_nano.a(libc_a-mprec.o)
 *fill*         0x0800a80c        0x4 
 .rodata.__mprec_bigtens
                0x0800a810       0x28 /home/oktawiankomornicki/st/stm32cubeide_1.13.2_2/plugins/com.st.stm32cube.ide.mcu.externaltools.gnu-tools-for-stm32.12.3.rel1.linux64_1.0.100.202403111256/tools/bin/../lib/gcc/arm-none-eabi/12.3.1/../../../../arm-none-eabi/lib/thumb/v7e-m+fp/hard/libc_nano.a(libc_a-mprec.o)
                0x0800a810                __mprec_bigtens
 .rodata.__mprec_tens
                0x0800a838       0xc8 /home/oktawiankomornicki/st/stm32cubeide_1.13.2_2/plugins/com.st.stm32cube.ide.mcu.externaltools.gnu-tools-for-stm32.12.3.rel1.linux64_1.0.100.202403111256/tools/bin/../lib/gcc/arm-none-eabi/12.3.1/../../../../arm-none-eabi/lib/thumb/v7e-m+fp/hard/libc_nano.a(libc_a-mprec.o)
                0x0800a838                __mprec_tens
 .rodata.__assert_func.str1.1
                0x0800a900       0x3c /home/oktawiankomornicki/st/stm32cubeide_1.13.2_2/plugins/com.st.stm32cube.ide.mcu.externaltools.gnu-tools-for-stm32.12.3.rel1.linux64_1.0.100.202403111256/tools/bin/../lib/gcc/arm-none-eabi/12.3.1/../../../../arm-none-eabi/lib/thumb/v7e-m+fp/hard/libc_nano.a(libc_a-assert.o)
                                 0x3d (size before relaxing)
 .rodata._vfprintf_r.str1.1
                0x0800a93c       0x11 /home/oktawiankomornicki/st/stm32cubeide_1.13.2_2/plugins/com.st.stm32cube.ide.mcu.externaltools.gnu-tools-for-stm32.12.3.rel1.linux64_1.0.100.202403111256/tools/bin/../lib/gcc/arm-none-eabi/12.3.1/../../../../arm-none-eabi/lib/thumb/v7e-m+fp/hard/libc_nano.a(libc_a-nano-vfprintf.o)
                0x0800a950                        . = ALIGN (0x4)

.ARM.extab      0x0800a93c        0x0
                0x0800a93c                        . = ALIGN (0x4)
 *(.ARM.extab* .gnu.linkonce.armextab.*)
                0x0800a93c                        . = ALIGN (0x4)

.ARM            0x0800a93c        0x8
                0x0800a93c                        . = ALIGN (0x4)
                0x0800a93c                        __exidx_start = .
 *(.ARM.exidx*)
 .ARM.exidx     0x0800a93c        0x8 /home/oktawiankomornicki/st/stm32cubeide_1.13.2_2/plugins/com.st.stm32cube.ide.mcu.externaltools.gnu-tools-for-stm32.12.3.rel1.linux64_1.0.100.202403111256/tools/bin/../lib/gcc/arm-none-eabi/12.3.1/../../../../arm-none-eabi/lib/thumb/v7e-m+fp/hard/libc_nano.a(libc_a-memchr.o)
 .ARM.exidx     0x0800a944        0x0 /home/oktawiankomornicki/st/stm32cubeide_1.13.2_2/plugins/com.st.stm32cube.ide.mcu.externaltools.gnu-tools-for-stm32.12.3.rel1.linux64_1.0.100.202403111256/tools/bin/../lib/gcc/arm-none-eabi/12.3.1/thumb/v7e-m+fp/hard/libgcc.a(_udivmoddi4.o)
                                  0x8 (size before relaxing)
                0x0800a944                        __exidx_end = .
                0x0800a944                        . = ALIGN (0x4)

.rel.dyn        0x0800a944        0x0
 .rel.iplt      0x0800a944        0x0 /home/oktawiankomornicki/st/stm32cubeide_1.13.2_2/plugins/com.st.stm32cube.ide.mcu.externaltools.gnu-tools-for-stm32.12.3.rel1.linux64_1.0.100.202403111256/tools/bin/../lib/gcc/arm-none-eabi/12.3.1/thumb/v7e-m+fp/hard/crtbegin.o

.preinit_array  0x0800a944        0x0
                0x0800a944                        . = ALIGN (0x4)
                0x0800a944                        PROVIDE (__preinit_array_start = .)
 *(.preinit_array*)
                0x0800a944                        PROVIDE (__preinit_array_end = .)
                0x0800a944                        . = ALIGN (0x4)

.init_array     0x0800a944        0x4
                0x0800a944                        . = ALIGN (0x4)
                0x0800a944                        PROVIDE (__init_array_start = .)
 *(SORT_BY_NAME(.init_array.*))
 *(.init_array*)
 .init_array    0x0800a944        0x4 /home/oktawiankomornicki/st/stm32cubeide_1.13.2_2/plugins/com.st.stm32cube.ide.mcu.externaltools.gnu-tools-for-stm32.12.3.rel1.linux64_1.0.100.202403111256/tools/bin/../lib/gcc/arm-none-eabi/12.3.1/thumb/v7e-m+fp/hard/crtbegin.o
                0x0800a948                        PROVIDE (__init_array_end = .)
                0x0800a948                        . = ALIGN (0x4)

.fini_array     0x0800a948        0x4
                0x0800a948                        . = ALIGN (0x4)
                [!provide]                        PROVIDE (__fini_array_start = .)
 *(SORT_BY_NAME(.fini_array.*))
 *(.fini_array*)
 .fini_array    0x0800a948        0x4 /home/oktawiankomornicki/st/stm32cubeide_1.13.2_2/plugins/com.st.stm32cube.ide.mcu.externaltools.gnu-tools-for-stm32.12.3.rel1.linux64_1.0.100.202403111256/tools/bin/../lib/gcc/arm-none-eabi/12.3.1/thumb/v7e-m+fp/hard/crtbegin.o
                [!provide]                        PROVIDE (__fini_array_end = .)
                0x0800a94c                        . = ALIGN (0x4)
                0x0800a94c                        _sidata = LOADADDR (.data)

.data           0x20000000      0x288 load address 0x0800a94c
                0x20000000                        . = ALIGN (0x4)
                0x20000000                        _sdata = .
 *(.data)
 *(.data*)
 .data.DltLogDroppedInfo
                0x20000000        0xf ./Core/Src/DLTuc.o
 .data.TransmitReadyStateFlag
                0x2000000f        0x1 ./Core/Src/DLTuc.o
 .data.overVoltage
                0x20000010      0x108 ./Core/Src/Events.o
                0x20000010                overVoltage
 .data.underVoltage
                0x20000118      0x108 ./Core/Src/Events.o
                0x20000118                underVoltage
 .data.SystemCoreClock
                0x20000220        0x4 ./Core/Src/system_stm32f4xx.o
                0x20000220                SystemCoreClock
 .data.uwTickPrio
                0x20000224        0x4 ./Drivers/STM32F4xx_HAL_Driver/Src/stm32f4xx_hal.o
                0x20000224                uwTickPrio
 .data.uwTickFreq
                0x20000228        0x1 ./Drivers/STM32F4xx_HAL_Driver/Src/stm32f4xx_hal.o
                0x20000228                uwTickFreq
 *fill*         0x20000229        0x3 
 .data.__sglue  0x2000022c        0xc /home/oktawiankomornicki/st/stm32cubeide_1.13.2_2/plugins/com.st.stm32cube.ide.mcu.externaltools.gnu-tools-for-stm32.12.3.rel1.linux64_1.0.100.202403111256/tools/bin/../lib/gcc/arm-none-eabi/12.3.1/../../../../arm-none-eabi/lib/thumb/v7e-m+fp/hard/libc_nano.a(libc_a-findfp.o)
                0x2000022c                __sglue
 .data._impure_ptr
                0x20000238        0x4 /home/oktawiankomornicki/st/stm32cubeide_1.13.2_2/plugins/com.st.stm32cube.ide.mcu.externaltools.gnu-tools-for-stm32.12.3.rel1.linux64_1.0.100.202403111256/tools/bin/../lib/gcc/arm-none-eabi/12.3.1/../../../../arm-none-eabi/lib/thumb/v7e-m+fp/hard/libc_nano.a(libc_a-impure.o)
                0x20000238                _impure_ptr
 .data._impure_data
                0x2000023c       0x4c /home/oktawiankomornicki/st/stm32cubeide_1.13.2_2/plugins/com.st.stm32cube.ide.mcu.externaltools.gnu-tools-for-stm32.12.3.rel1.linux64_1.0.100.202403111256/tools/bin/../lib/gcc/arm-none-eabi/12.3.1/../../../../arm-none-eabi/lib/thumb/v7e-m+fp/hard/libc_nano.a(libc_a-impure.o)
                0x2000023c                _impure_data
 *(.RamFunc)
 *(.RamFunc*)
                0x20000288                        . = ALIGN (0x4)
                0x20000288                        _edata = .
                0x0800abd4                        _siccmram = LOADADDR (.ccmram)

.igot.plt       0x20000288        0x0 load address 0x0800abd4
 .igot.plt      0x20000288        0x0 /home/oktawiankomornicki/st/stm32cubeide_1.13.2_2/plugins/com.st.stm32cube.ide.mcu.externaltools.gnu-tools-for-stm32.12.3.rel1.linux64_1.0.100.202403111256/tools/bin/../lib/gcc/arm-none-eabi/12.3.1/thumb/v7e-m+fp/hard/crtbegin.o

.ccmram         0x10000000        0x0 load address 0x0800abd4
                0x10000000                        . = ALIGN (0x4)
                0x10000000                        _sccmram = .
 *(.ccmram)
 *(.ccmram*)
                0x10000000                        . = ALIGN (0x4)
                0x10000000                        _eccmram = .
                0x10000000                        . = ALIGN (0x4)

.bss            0x20000288     0x15c0
                0x20000288                        _sbss = .
                0x20000288                        __bss_start__ = _sbss
 *(.bss)
 .bss           0x20000288       0x1c /home/oktawiankomornicki/st/stm32cubeide_1.13.2_2/plugins/com.st.stm32cube.ide.mcu.externaltools.gnu-tools-for-stm32.12.3.rel1.linux64_1.0.100.202403111256/tools/bin/../lib/gcc/arm-none-eabi/12.3.1/thumb/v7e-m+fp/hard/crtbegin.o
 *(.bss*)
 .bss.ExtSerialTrDataFunctionCb
                0x200002a4        0x4 ./Core/Src/DLTuc.o
 .bss.ExtSerialRecDataFunctionCb
                0x200002a8        0x4 ./Core/Src/DLTuc.o
 .bss.ExtInfoInjectionDataRcvdCb
                0x200002ac        0x4 ./Core/Src/DLTuc.o
 .bss.GetSystemTimeMs
                0x200002b0        0x4 ./Core/Src/DLTuc.o
 .bss.LogDroppedFlag
                0x200002b4        0x1 ./Core/Src/DLTuc.o
 *fill*         0x200002b5        0x3 
 .bss.PrevLogDropSendTime
                0x200002b8        0x4 ./Core/Src/DLTuc.o
 .bss.DltLogDroppedInfoBuffer
                0x200002bc       0x3c ./Core/Src/DLTuc.o
 .bss.DLtLogDroppedSize
                0x200002f8        0x1 ./Core/Src/DLTuc.o
 *fill*         0x200002f9        0x3 
 .bss.DltDebugTmpBuf
                0x200002fc       0xff ./Core/Src/DLTuc.o
 .bss.ActDltMessageCounter
                0x200003fb        0x1 ./Core/Src/DLTuc.o
 .bss.DltTrsmtRingBuffer
                0x200003fc       0x14 ./Core/Src/DLTuc.o
 .bss.DltTrsmtMessagesTab
                0x20000410      0xef1 ./Core/Src/DLTuc.o
 *fill*         0x20001301        0x3 
 .bss.BleMainReceiveRingBuffer
                0x20001304        0x8 ./Core/Src/DLTuc.o
 .bss.BluMainReceiveMessagesTab
                0x2000130c      0x1fe ./Core/Src/DLTuc.o
 *fill*         0x2000150a        0x2 
 .bss.DefaultBlindBuffer.1
                0x2000150c       0x14 ./Core/Src/DLTuc.o
 .bss.MessageReceiveBufferAddress.0
                0x20001520        0x4 ./Core/Src/DLTuc.o
 .bss.hadc1     0x20001524       0x48 ./Core/Src/main.o
                0x20001524                hadc1
 .bss.hi2c1     0x2000156c       0x54 ./Core/Src/main.o
                0x2000156c                hi2c1
 .bss.hrtc      0x200015c0       0x20 ./Core/Src/main.o
                0x200015c0                hrtc
 .bss.huart3    0x200015e0       0x48 ./Core/Src/main.o
                0x200015e0                huart3
 .bss.hdma_usart3_rx
                0x20001628       0x60 ./Core/Src/main.o
                0x20001628                hdma_usart3_rx
 .bss.hdma_usart3_tx
                0x20001688       0x60 ./Core/Src/main.o
                0x20001688                hdma_usart3_tx
 .bss.msNow     0x200016e8        0x4 ./Core/Src/main.o
                0x200016e8                msNow
 .bss.msLast    0x200016ec        0x4 ./Core/Src/main.o
                0x200016ec                msLast
 .bss.clearDtcFlag
                0x200016f0        0x1 ./Core/Src/main.o
                0x200016f0                clearDtcFlag
 .bss.readDtcFlag
                0x200016f1        0x1 ./Core/Src/main.o
                0x200016f1                readDtcFlag
 *fill*         0x200016f2        0x2 
 .bss.__sbrk_heap_end
                0x200016f4        0x4 ./Core/Src/sysmem.o
 .bss.uwTick    0x200016f8        0x4 ./Drivers/STM32F4xx_HAL_Driver/Src/stm32f4xx_hal.o
                0x200016f8                uwTick
 .bss.__sf      0x200016fc      0x138 /home/oktawiankomornicki/st/stm32cubeide_1.13.2_2/plugins/com.st.stm32cube.ide.mcu.externaltools.gnu-tools-for-stm32.12.3.rel1.linux64_1.0.100.202403111256/tools/bin/../lib/gcc/arm-none-eabi/12.3.1/../../../../arm-none-eabi/lib/thumb/v7e-m+fp/hard/libc_nano.a(libc_a-findfp.o)
                0x200016fc                __sf
 .bss.__stdio_exit_handler
                0x20001834        0x4 /home/oktawiankomornicki/st/stm32cubeide_1.13.2_2/plugins/com.st.stm32cube.ide.mcu.externaltools.gnu-tools-for-stm32.12.3.rel1.linux64_1.0.100.202403111256/tools/bin/../lib/gcc/arm-none-eabi/12.3.1/../../../../arm-none-eabi/lib/thumb/v7e-m+fp/hard/libc_nano.a(libc_a-findfp.o)
                0x20001834                __stdio_exit_handler
 .bss.errno     0x20001838        0x4 /home/oktawiankomornicki/st/stm32cubeide_1.13.2_2/plugins/com.st.stm32cube.ide.mcu.externaltools.gnu-tools-for-stm32.12.3.rel1.linux64_1.0.100.202403111256/tools/bin/../lib/gcc/arm-none-eabi/12.3.1/../../../../arm-none-eabi/lib/thumb/v7e-m+fp/hard/libc_nano.a(libc_a-reent.o)
                0x20001838                errno
 .bss.__lock___malloc_recursive_mutex
                0x2000183c        0x1 /home/oktawiankomornicki/st/stm32cubeide_1.13.2_2/plugins/com.st.stm32cube.ide.mcu.externaltools.gnu-tools-for-stm32.12.3.rel1.linux64_1.0.100.202403111256/tools/bin/../lib/gcc/arm-none-eabi/12.3.1/../../../../arm-none-eabi/lib/thumb/v7e-m+fp/hard/libc_nano.a(libc_a-lock.o)
                0x2000183c                __lock___malloc_recursive_mutex
 .bss.__lock___sfp_recursive_mutex
                0x2000183d        0x1 /home/oktawiankomornicki/st/stm32cubeide_1.13.2_2/plugins/com.st.stm32cube.ide.mcu.externaltools.gnu-tools-for-stm32.12.3.rel1.linux64_1.0.100.202403111256/tools/bin/../lib/gcc/arm-none-eabi/12.3.1/../../../../arm-none-eabi/lib/thumb/v7e-m+fp/hard/libc_nano.a(libc_a-lock.o)
                0x2000183d                __lock___sfp_recursive_mutex
 *fill*         0x2000183e        0x2 
 .bss.__malloc_sbrk_start
                0x20001840        0x4 /home/oktawiankomornicki/st/stm32cubeide_1.13.2_2/plugins/com.st.stm32cube.ide.mcu.externaltools.gnu-tools-for-stm32.12.3.rel1.linux64_1.0.100.202403111256/tools/bin/../lib/gcc/arm-none-eabi/12.3.1/../../../../arm-none-eabi/lib/thumb/v7e-m+fp/hard/libc_nano.a(libc_a-mallocr.o)
                0x20001840                __malloc_sbrk_start
 .bss.__malloc_free_list
                0x20001844        0x4 /home/oktawiankomornicki/st/stm32cubeide_1.13.2_2/plugins/com.st.stm32cube.ide.mcu.externaltools.gnu-tools-for-stm32.12.3.rel1.linux64_1.0.100.202403111256/tools/bin/../lib/gcc/arm-none-eabi/12.3.1/../../../../arm-none-eabi/lib/thumb/v7e-m+fp/hard/libc_nano.a(libc_a-mallocr.o)
                0x20001844                __malloc_free_list
 *(COMMON)
                0x20001848                        . = ALIGN (0x4)
                0x20001848                        _ebss = .
                0x20001848                        __bss_end__ = _ebss

._user_heap_stack
                0x20001848      0x600
                0x20001848                        . = ALIGN (0x8)
                [!provide]                        PROVIDE (end = .)
                0x20001848                        PROVIDE (_end = .)
                0x20001a48                        . = (. + _Min_Heap_Size)
 *fill*         0x20001848      0x200 
                0x20001e48                        . = (. + _Min_Stack_Size)
 *fill*         0x20001a48      0x400 
                0x20001e48                        . = ALIGN (0x8)

/DISCARD/
 libc.a(*)
 libm.a(*)
 libgcc.a(*)

.ARM.attributes
                0x00000000       0x30
 *(.ARM.attributes)
 .ARM.attributes
                0x00000000       0x22 /home/oktawiankomornicki/st/stm32cubeide_1.13.2_2/plugins/com.st.stm32cube.ide.mcu.externaltools.gnu-tools-for-stm32.12.3.rel1.linux64_1.0.100.202403111256/tools/bin/../lib/gcc/arm-none-eabi/12.3.1/thumb/v7e-m+fp/hard/crti.o
 .ARM.attributes
                0x00000022       0x34 /home/oktawiankomornicki/st/stm32cubeide_1.13.2_2/plugins/com.st.stm32cube.ide.mcu.externaltools.gnu-tools-for-stm32.12.3.rel1.linux64_1.0.100.202403111256/tools/bin/../lib/gcc/arm-none-eabi/12.3.1/thumb/v7e-m+fp/hard/crtbegin.o
 .ARM.attributes
                0x00000056       0x34 ./Core/Src/DLTuc.o
 .ARM.attributes
                0x0000008a       0x34 ./Core/Src/Dem.o
 .ARM.attributes
                0x000000be       0x34 ./Core/Src/DtcRequestHandler.o
 .ARM.attributes
                0x000000f2       0x34 ./Core/Src/Events.o
 .ARM.attributes
                0x00000126       0x34 ./Core/Src/NvM.o
 .ARM.attributes
                0x0000015a       0x34 ./Core/Src/VoltageMonitor.o
 .ARM.attributes
                0x0000018e       0x34 ./Core/Src/main.o
 .ARM.attributes
                0x000001c2       0x34 ./Core/Src/stm32f4xx_hal_msp.o
 .ARM.attributes
                0x000001f6       0x34 ./Core/Src/stm32f4xx_it.o
 .ARM.attributes
                0x0000022a       0x34 ./Core/Src/syscalls.o
 .ARM.attributes
                0x0000025e       0x34 ./Core/Src/sysmem.o
 .ARM.attributes
                0x00000292       0x34 ./Core/Src/system_stm32f4xx.o
 .ARM.attributes
                0x000002c6       0x21 ./Core/Startup/startup_stm32f407vgtx.o
 .ARM.attributes
                0x000002e7       0x34 ./Drivers/STM32F4xx_HAL_Driver/Src/stm32f4xx_hal.o
 .ARM.attributes
                0x0000031b       0x34 ./Drivers/STM32F4xx_HAL_Driver/Src/stm32f4xx_hal_adc.o
 .ARM.attributes
                0x0000034f       0x34 ./Drivers/STM32F4xx_HAL_Driver/Src/stm32f4xx_hal_cortex.o
 .ARM.attributes
                0x00000383       0x34 ./Drivers/STM32F4xx_HAL_Driver/Src/stm32f4xx_hal_dma.o
 .ARM.attributes
                0x000003b7       0x34 ./Drivers/STM32F4xx_HAL_Driver/Src/stm32f4xx_hal_gpio.o
 .ARM.attributes
                0x000003eb       0x34 ./Drivers/STM32F4xx_HAL_Driver/Src/stm32f4xx_hal_i2c.o
 .ARM.attributes
                0x0000041f       0x34 ./Drivers/STM32F4xx_HAL_Driver/Src/stm32f4xx_hal_rcc.o
 .ARM.attributes
                0x00000453       0x34 ./Drivers/STM32F4xx_HAL_Driver/Src/stm32f4xx_hal_rcc_ex.o
 .ARM.attributes
                0x00000487       0x34 ./Drivers/STM32F4xx_HAL_Driver/Src/stm32f4xx_hal_rtc.o
 .ARM.attributes
                0x000004bb       0x34 ./Drivers/STM32F4xx_HAL_Driver/Src/stm32f4xx_hal_uart.o
 .ARM.attributes
                0x000004ef       0x34 /home/oktawiankomornicki/st/stm32cubeide_1.13.2_2/plugins/com.st.stm32cube.ide.mcu.externaltools.gnu-tools-for-stm32.12.3.rel1.linux64_1.0.100.202403111256/tools/bin/../lib/gcc/arm-none-eabi/12.3.1/../../../../arm-none-eabi/lib/thumb/v7e-m+fp/hard/libm.a(libm_a-sf_round.o)
 .ARM.attributes
                0x00000523       0x34 /home/oktawiankomornicki/st/stm32cubeide_1.13.2_2/plugins/com.st.stm32cube.ide.mcu.externaltools.gnu-tools-for-stm32.12.3.rel1.linux64_1.0.100.202403111256/tools/bin/../lib/gcc/arm-none-eabi/12.3.1/../../../../arm-none-eabi/lib/thumb/v7e-m+fp/hard/libc_nano.a(libc_a-efgcvt.o)
 .ARM.attributes
                0x00000557       0x34 /home/oktawiankomornicki/st/stm32cubeide_1.13.2_2/plugins/com.st.stm32cube.ide.mcu.externaltools.gnu-tools-for-stm32.12.3.rel1.linux64_1.0.100.202403111256/tools/bin/../lib/gcc/arm-none-eabi/12.3.1/../../../../arm-none-eabi/lib/thumb/v7e-m+fp/hard/libc_nano.a(libc_a-findfp.o)
 .ARM.attributes
                0x0000058b       0x34 /home/oktawiankomornicki/st/stm32cubeide_1.13.2_2/plugins/com.st.stm32cube.ide.mcu.externaltools.gnu-tools-for-stm32.12.3.rel1.linux64_1.0.100.202403111256/tools/bin/../lib/gcc/arm-none-eabi/12.3.1/../../../../arm-none-eabi/lib/thumb/v7e-m+fp/hard/libc_nano.a(libc_a-fwalk.o)
 .ARM.attributes
                0x000005bf       0x34 /home/oktawiankomornicki/st/stm32cubeide_1.13.2_2/plugins/com.st.stm32cube.ide.mcu.externaltools.gnu-tools-for-stm32.12.3.rel1.linux64_1.0.100.202403111256/tools/bin/../lib/gcc/arm-none-eabi/12.3.1/../../../../arm-none-eabi/lib/thumb/v7e-m+fp/hard/libc_nano.a(libc_a-stdio.o)
 .ARM.attributes
                0x000005f3       0x34 /home/oktawiankomornicki/st/stm32cubeide_1.13.2_2/plugins/com.st.stm32cube.ide.mcu.externaltools.gnu-tools-for-stm32.12.3.rel1.linux64_1.0.100.202403111256/tools/bin/../lib/gcc/arm-none-eabi/12.3.1/../../../../arm-none-eabi/lib/thumb/v7e-m+fp/hard/libc_nano.a(libc_a-vsprintf.o)
 .ARM.attributes
                0x00000627       0x34 /home/oktawiankomornicki/st/stm32cubeide_1.13.2_2/plugins/com.st.stm32cube.ide.mcu.externaltools.gnu-tools-for-stm32.12.3.rel1.linux64_1.0.100.202403111256/tools/bin/../lib/gcc/arm-none-eabi/12.3.1/../../../../arm-none-eabi/lib/thumb/v7e-m+fp/hard/libc_nano.a(libc_a-memset.o)
 .ARM.attributes
                0x0000065b       0x34 /home/oktawiankomornicki/st/stm32cubeide_1.13.2_2/plugins/com.st.stm32cube.ide.mcu.externaltools.gnu-tools-for-stm32.12.3.rel1.linux64_1.0.100.202403111256/tools/bin/../lib/gcc/arm-none-eabi/12.3.1/../../../../arm-none-eabi/lib/thumb/v7e-m+fp/hard/libc_nano.a(libc_a-closer.o)
 .ARM.attributes
                0x0000068f       0x34 /home/oktawiankomornicki/st/stm32cubeide_1.13.2_2/plugins/com.st.stm32cube.ide.mcu.externaltools.gnu-tools-for-stm32.12.3.rel1.linux64_1.0.100.202403111256/tools/bin/../lib/gcc/arm-none-eabi/12.3.1/../../../../arm-none-eabi/lib/thumb/v7e-m+fp/hard/libc_nano.a(libc_a-reent.o)
 .ARM.attributes